Archive member included to satisfy reference by file (symbol)

C:\Users\ductm\Downloads\SDK_1.0.3_NUCLEO-F401RE\lib_stm\libLibraries.a(system_stm32f4xx.o)
                              ./Src/main.o (SystemCoreClockUpdate)
C:\Users\ductm\Downloads\SDK_1.0.3_NUCLEO-F401RE\lib_stm\libLibraries.a(timer.o)
                              ./Src/main.o (TimerInit)
C:\Users\ductm\Downloads\SDK_1.0.3_NUCLEO-F401RE\lib_stm\libLibraries.a(lightsensor.o)
                              ./Src/main.o (LightSensor_Init)
C:\Users\ductm\Downloads\SDK_1.0.3_NUCLEO-F401RE\lib_stm\libLibraries.a(serial.o)
                              C:\Users\ductm\Downloads\SDK_1.0.3_NUCLEO-F401RE\lib_stm\libLibraries.a(lightsensor.o) (Serial_SendPacket)
C:\Users\ductm\Downloads\SDK_1.0.3_NUCLEO-F401RE\lib_stm\libLibraries.a(Ucglib.o)
                              ./Src/main.o (Ucglib4WireSWSPI_begin)
C:\Users\ductm\Downloads\SDK_1.0.3_NUCLEO-F401RE\lib_stm\libLibraries.a(ucg_box.o)
                              ./Src/main.o (ucg_DrawBox)
C:\Users\ductm\Downloads\SDK_1.0.3_NUCLEO-F401RE\lib_stm\libLibraries.a(ucg_ccs.o)
                              C:\Users\ductm\Downloads\SDK_1.0.3_NUCLEO-F401RE\lib_stm\libLibraries.a(ucg_box.o) (ucg_ccs_init)
C:\Users\ductm\Downloads\SDK_1.0.3_NUCLEO-F401RE\lib_stm\libLibraries.a(ucg_circle.o)
                              C:\Users\ductm\Downloads\SDK_1.0.3_NUCLEO-F401RE\lib_stm\libLibraries.a(ucg_box.o) (ucg_DrawCircle)
C:\Users\ductm\Downloads\SDK_1.0.3_NUCLEO-F401RE\lib_stm\libLibraries.a(ucg_dev_default_cb.o)
                              C:\Users\ductm\Downloads\SDK_1.0.3_NUCLEO-F401RE\lib_stm\libLibraries.a(Ucglib.o) (ucg_dev_default_cb)
C:\Users\ductm\Downloads\SDK_1.0.3_NUCLEO-F401RE\lib_stm\libLibraries.a(ucg_dev_ic_st7735.o)
                              C:\Users\ductm\Downloads\SDK_1.0.3_NUCLEO-F401RE\lib_stm\libLibraries.a(Ucglib.o) (ucg_ext_st7735_18)
C:\Users\ductm\Downloads\SDK_1.0.3_NUCLEO-F401RE\lib_stm\libLibraries.a(ucg_dev_msg_api.o)
                              C:\Users\ductm\Downloads\SDK_1.0.3_NUCLEO-F401RE\lib_stm\libLibraries.a(ucg_box.o) (ucg_SetMaxClipRange)
C:\Users\ductm\Downloads\SDK_1.0.3_NUCLEO-F401RE\lib_stm\libLibraries.a(ucg_dev_tft_128x128_st7735.o)
                              C:\Users\ductm\Downloads\SDK_1.0.3_NUCLEO-F401RE\lib_stm\libLibraries.a(Ucglib.o) (ucg_dev_st7735_18x128x128)
C:\Users\ductm\Downloads\SDK_1.0.3_NUCLEO-F401RE\lib_stm\libLibraries.a(ucg_font.o)
                              C:\Users\ductm\Downloads\SDK_1.0.3_NUCLEO-F401RE\lib_stm\libLibraries.a(Ucglib.o) (ucg_SetFontMode)
C:\Users\ductm\Downloads\SDK_1.0.3_NUCLEO-F401RE\lib_stm\libLibraries.a(ucg_init.o)
                              C:\Users\ductm\Downloads\SDK_1.0.3_NUCLEO-F401RE\lib_stm\libLibraries.a(Ucglib.o) (ucg_Init)
C:\Users\ductm\Downloads\SDK_1.0.3_NUCLEO-F401RE\lib_stm\libLibraries.a(ucg_line.o)
                              C:\Users\ductm\Downloads\SDK_1.0.3_NUCLEO-F401RE\lib_stm\libLibraries.a(ucg_font.o) (ucg_Draw90Line)
C:\Users\ductm\Downloads\SDK_1.0.3_NUCLEO-F401RE\lib_stm\libLibraries.a(ucg_pixel.o)
                              ./Src/main.o (ucg_SetColor)
C:\Users\ductm\Downloads\SDK_1.0.3_NUCLEO-F401RE\lib_stm\libLibraries.a(ucg_pixel_font_data.o)
                              ./Src/main.o (ucg_font_ncenR08_hr)
C:\Users\ductm\Downloads\SDK_1.0.3_NUCLEO-F401RE\lib_stm\libLibraries.a(ucg_rotate.o)
                              ./Src/main.o (ucg_SetRotate180)
C:\Users\ductm\Downloads\SDK_1.0.3_NUCLEO-F401RE\lib_stm\libLibraries.a(buff.o)
                              C:\Users\ductm\Downloads\SDK_1.0.3_NUCLEO-F401RE\lib_stm\libLibraries.a(serial.o) (bufInit)
C:\Users\ductm\Downloads\SDK_1.0.3_NUCLEO-F401RE\lib_stm\libLibraries.a(utilities.o)
                              C:\Users\ductm\Downloads\SDK_1.0.3_NUCLEO-F401RE\lib_stm\libLibraries.a(timer.o) (memsetl)
C:\Users\ductm\Downloads\SDK_1.0.3_NUCLEO-F401RE\lib_stm\libLibraries.a(stm32f401re_dma.o)
                              C:\Users\ductm\Downloads\SDK_1.0.3_NUCLEO-F401RE\lib_stm\libLibraries.a(lightsensor.o) (DMA_DeInit)
C:\Users\ductm\Downloads\SDK_1.0.3_NUCLEO-F401RE\lib_stm\libLibraries.a(ucg_clip.o)
                              C:\Users\ductm\Downloads\SDK_1.0.3_NUCLEO-F401RE\lib_stm\libLibraries.a(ucg_dev_ic_st7735.o) (ucg_clip_is_pixel_visible)
C:\Users\ductm\Downloads\SDK_1.0.3_NUCLEO-F401RE\lib_stm\libLibraries.a(ucg_com_msg_api.o)
                              C:\Users\ductm\Downloads\SDK_1.0.3_NUCLEO-F401RE\lib_stm\libLibraries.a(ucg_dev_ic_st7735.o) (ucg_com_PowerUp)
D:/STM32CubeIDE_1.13.1/STM32CubeIDE/plugins/com.st.stm32cube.ide.mcu.externaltools.gnu-tools-for-stm32.11.3.rel1.win32_1.1.0.202305231506/tools/bin/../lib/gcc/arm-none-eabi/11.3.1/../../../../arm-none-eabi/lib/thumb/v7e-m+fp/hard\libc_nano.a(libc_a-exit.o)
[...]
Memory Configuration

Name             Origin             Length             Attributes
RAM              0x0000000020000000 0x0000000000018000 xrw
FLASH            0x0000000008000000 0x0000000000080000 xr
*default*        0x0000000000000000 0xffffffffffffffff

Linker script and memory map

LOAD D:/STM32CubeIDE_1.13.1/STM32CubeIDE/plugins/com.st.stm32cube.ide.mcu.externaltools.gnu-tools-for-stm32.11.3.rel1.win32_1.1.0.202305231506/tools/bin/../lib/gcc/arm-none-eabi/11.3.1/thumb/v7e-m+fp/hard/crti.o
LOAD D:/STM32CubeIDE_1.13.1/STM32CubeIDE/plugins/com.st.stm32cube.ide.mcu.externaltools.gnu-tools-for-stm32.11.3.rel1.win32_1.1.0.202305231506/tools/bin/../lib/gcc/arm-none-eabi/11.3.1/thumb/v7e-m+fp/hard/crtbegin.o
LOAD D:/STM32CubeIDE_1.13.1/STM32CubeIDE/plugins/com.st.stm32cube.ide.mcu.externaltools.gnu-tools-for-stm32.11.3.rel1.win32_1.1.0.202305231506/tools/bin/../lib/gcc/arm-none-eabi/11.3.1/../../../../arm-none-eabi/lib/thumb/v7e-m+fp/hard/crt0.o
LOAD ./SDK_1.0.3_NUCLEO-F401RE/shared/Drivers/STM32F401RE_StdPeriph_Driver/src/misc.o
LOAD ./SDK_1.0.3_NUCLEO-F401RE/shared/Drivers/STM32F401RE_StdPeriph_Driver/src/stm32f401re_adc.o
LOAD ./SDK_1.0.3_NUCLEO-F401RE/shared/Drivers/STM32F401RE_StdPeriph_Driver/src/stm32f401re_exti.o
LOAD ./SDK_1.0.3_NUCLEO-F401RE/shared/Drivers/STM32F401RE_StdPeriph_Driver/src/stm32f401re_gpio.o
LOAD ./SDK_1.0.3_NUCLEO-F401RE/shared/Drivers/STM32F401RE_StdPeriph_Driver/src/stm32f401re_i2c.o
LOAD ./SDK_1.0.3_NUCLEO-F401RE/shared/Drivers/STM32F401RE_StdPeriph_Driver/src/stm32f401re_rcc.o
LOAD ./SDK_1.0.3_NUCLEO-F401RE/shared/Drivers/STM32F401RE_StdPeriph_Driver/src/stm32f401re_rng.o
LOAD ./SDK_1.0.3_NUCLEO-F401RE/shared/Drivers/STM32F401RE_StdPeriph_Driver/src/stm32f401re_spi.o
LOAD ./SDK_1.0.3_NUCLEO-F401RE/shared/Drivers/STM32F401RE_StdPeriph_Driver/src/stm32f401re_syscfg.o
LOAD ./SDK_1.0.3_NUCLEO-F401RE/shared/Drivers/STM32F401RE_StdPeriph_Driver/src/stm32f401re_tim.o
LOAD ./SDK_1.0.3_NUCLEO-F401RE/shared/Drivers/STM32F401RE_StdPeriph_Driver/src/stm32f401re_usart.o
LOAD ./Src/main.o
LOAD ./Src/syscalls.o
LOAD ./Src/sysmem.o
LOAD ./Startup/startup_stm32f401retx.o
LOAD C:\Users\ductm\Downloads\SDK_1.0.3_NUCLEO-F401RE\lib_stm\libLibraries.a
START GROUP
LOAD D:/STM32CubeIDE_1.13.1/STM32CubeIDE/plugins/com.st.stm32cube.ide.mcu.externaltools.gnu-tools-for-stm32.11.3.rel1.win32_1.1.0.202305231506/tools/bin/../lib/gcc/arm-none-eabi/11.3.1/../../../../arm-none-eabi/lib/thumb/v7e-m+fp/hard\libc_nano.a
LOAD D:/STM32CubeIDE_1.13.1/STM32CubeIDE/plugins/com.st.stm32cube.ide.mcu.externaltools.gnu-tools-for-stm32.11.3.rel1.win32_1.1.0.202305231506/tools/bin/../lib/gcc/arm-none-eabi/11.3.1/../../../../arm-none-eabi/lib/thumb/v7e-m+fp/hard\libm.a
END GROUP
START GROUP
LOAD D:/STM32CubeIDE_1.13.1/STM32CubeIDE/plugins/com.st.stm32cube.ide.mcu.externaltools.gnu-tools-for-stm32.11.3.rel1.win32_1.1.0.202305231506/tools/bin/../lib/gcc/arm-none-eabi/11.3.1/thumb/v7e-m+fp/hard\libgcc.a
LOAD D:/STM32CubeIDE_1.13.1/STM32CubeIDE/plugins/com.st.stm32cube.ide.mcu.externaltools.gnu-tools-for-stm32.11.3.rel1.win32_1.1.0.202305231506/tools/bin/../lib/gcc/arm-none-eabi/11.3.1/../../../../arm-none-eabi/lib/thumb/v7e-m+fp/hard\libc_nano.a
END GROUP
START GROUP
LOAD D:/STM32CubeIDE_1.13.1/STM32CubeIDE/plugins/com.st.stm32cube.ide.mcu.externaltools.gnu-tools-for-stm32.11.3.rel1.win32_1.1.0.202305231506/tools/bin/../lib/gcc/arm-none-eabi/11.3.1/thumb/v7e-m+fp/hard\libgcc.a
LOAD D:/STM32CubeIDE_1.13.1/STM32CubeIDE/plugins/com.st.stm32cube.ide.mcu.externaltools.gnu-tools-for-stm32.11.3.rel1.win32_1.1.0.202305231506/tools/bin/../lib/gcc/arm-none-eabi/11.3.1/../../../../arm-none-eabi/lib/thumb/v7e-m+fp/hard\libc_nano.a
LOAD D:/STM32CubeIDE_1.13.1/STM32CubeIDE/plugins/com.st.stm32cube.ide.mcu.externaltools.gnu-tools-for-stm32.11.3.rel1.win32_1.1.0.202305231506/tools/bin/../lib/gcc/arm-none-eabi/11.3.1/../../../../arm-none-eabi/lib/thumb/v7e-m+fp/hard\libnosys.a
END GROUP
START GROUP
LOAD D:/STM32CubeIDE_1.13.1/STM32CubeIDE/plugins/com.st.stm32cube.ide.mcu.externaltools.gnu-tools-for-stm32.11.3.rel1.win32_1.1.0.202305231506/tools/bin/../lib/gcc/arm-none-eabi/11.3.1/thumb/v7e-m+fp/hard\libgcc.a
LOAD D:/STM32CubeIDE_1.13.1/STM32CubeIDE/plugins/com.st.stm32cube.ide.mcu.externaltools.gnu-tools-for-stm32.11.3.rel1.win32_1.1.0.202305231506/tools/bin/../lib/gcc/arm-none-eabi/11.3.1/../../../../arm-none-eabi/lib/thumb/v7e-m+fp/hard\libc_nano.a
LOAD D:/STM32CubeIDE_1.13.1/STM32CubeIDE/plugins/com.st.stm32cube.ide.mcu.externaltools.gnu-tools-for-stm32.11.3.rel1.win32_1.1.0.202305231506/tools/bin/../lib/gcc/arm-none-eabi/11.3.1/../../../../arm-none-eabi/lib/thumb/v7e-m+fp/hard\libnosys.a
END GROUP
LOAD D:/STM32CubeIDE_1.13.1/STM32CubeIDE/plugins/com.st.stm32cube.ide.mcu.externaltools.gnu-tools-for-stm32.11.3.rel1.win32_1.1.0.202305231506/tools/bin/../lib/gcc/arm-none-eabi/11.3.1/thumb/v7e-m+fp/hard/crtend.o
LOAD D:/STM32CubeIDE_1.13.1/STM32CubeIDE/plugins/com.st.stm32cube.ide.mcu.externaltools.gnu-tools-for-stm32.11.3.rel1.win32_1.1.0.202305231506/tools/bin/../lib/gcc/arm-none-eabi/11.3.1/thumb/v7e-m+fp/hard/crtn.o
                0x0000000020018000                _estack = (ORIGIN (RAM) + LENGTH (RAM))
                0x0000000000000200                _Min_Heap_Size = 0x200
                0x0000000000000400                _Min_Stack_Size = 0x400

.isr_vector     0x0000000008000000      0x194
                0x0000000008000000                . = ALIGN (0x4)
 *(.isr_vector)
 .isr_vector    0x0000000008000000      0x194 ./Startup/startup_stm32f401retx.o
                0x0000000008000000                g_pfnVectors
                0x0000000008000194                . = ALIGN (0x4)

.text           0x00000000080001a0     0x59a8
                0x00000000080001a0                . = ALIGN (0x4)
 *(.text)
 .text          0x00000000080001a0       0x40 D:/STM32CubeIDE_1.13.1/STM32CubeIDE/plugins/com.st.stm32cube.ide.mcu.externaltools.gnu-tools-for-stm32.11.3.rel1.win32_1.1.0.202305231506/tools/bin/../lib/gcc/arm-none-eabi/11.3.1/thumb/v7e-m+fp/hard/crtbegin.o
 .text          0x00000000080001e0       0xa0 D:/STM32CubeIDE_1.13.1/STM32CubeIDE/plugins/com.st.stm32cube.ide.mcu.externaltools.gnu-tools-for-stm32.11.3.rel1.win32_1.1.0.202305231506/tools/bin/../lib/gcc/arm-none-eabi/11.3.1/../../../../arm-none-eabi/lib/thumb/v7e-m+fp/hard\libc_nano.a(libc_a-memchr.o)
                0x00000000080001e0                memchr
 *(.text*)
 .text.NVIC_Init
                0x0000000008000280       0xc4 ./SDK_1.0.3_NUCLEO-F401RE/shared/Drivers/STM32F401RE_StdPeriph_Driver/src/misc.o
                0x0000000008000280                NVIC_Init
 .text.ADC_DeInit
                0x0000000008000344       0x1c ./SDK_1.0.3_NUCLEO-F401RE/shared/Drivers/STM32F401RE_StdPeriph_Driver/src/stm32f401re_adc.o
                0x0000000008000344                ADC_DeInit
 .text.ADC_Init
                0x0000000008000360       0xac ./SDK_1.0.3_NUCLEO-F401RE/shared/Drivers/STM32F401RE_StdPeriph_Driver/src/stm32f401re_adc.o
                0x0000000008000360                ADC_Init
 .text.ADC_CommonInit
                0x000000000800040c       0x50 ./SDK_1.0.3_NUCLEO-F401RE/shared/Drivers/STM32F401RE_StdPeriph_Driver/src/stm32f401re_adc.o
                0x000000000800040c                ADC_CommonInit
 .text.ADC_Cmd  0x000000000800045c       0x38 ./SDK_1.0.3_NUCLEO-F401RE/shared/Drivers/STM32F401RE_StdPeriph_Driver/src/stm32f401re_adc.o
                0x000000000800045c                ADC_Cmd
 .text.ADC_RegularChannelConfig
                0x0000000008000494      0x194 ./SDK_1.0.3_NUCLEO-F401RE/shared/Drivers/STM32F401RE_StdPeriph_Driver/src/stm32f401re_adc.o
                0x0000000008000494                ADC_RegularChannelConfig
 .text.ADC_SoftwareStartConv
                0x0000000008000628       0x20 ./SDK_1.0.3_NUCLEO-F401RE/shared/Drivers/STM32F401RE_StdPeriph_Driver/src/stm32f401re_adc.o
                0x0000000008000628                ADC_SoftwareStartConv
 .text.ADC_EOCOnEachRegularChannelCmd
                0x0000000008000648       0x38 ./SDK_1.0.3_NUCLEO-F401RE/shared/Drivers/STM32F401RE_StdPeriph_Driver/src/stm32f401re_adc.o
                0x0000000008000648                ADC_EOCOnEachRegularChannelCmd
 .text.ADC_ContinuousModeCmd
                0x0000000008000680       0x38 ./SDK_1.0.3_NUCLEO-F401RE/shared/Drivers/STM32F401RE_StdPeriph_Driver/src/stm32f401re_adc.o
                0x0000000008000680                ADC_ContinuousModeCmd
 .text.ADC_DiscModeChannelCountConfig
                0x00000000080006b8       0x44 ./SDK_1.0.3_NUCLEO-F401RE/shared/Drivers/STM32F401RE_StdPeriph_Driver/src/stm32f401re_adc.o
                0x00000000080006b8                ADC_DiscModeChannelCountConfig
 .text.ADC_DiscModeCmd
                0x00000000080006fc       0x38 ./SDK_1.0.3_NUCLEO-F401RE/shared/Drivers/STM32F401RE_StdPeriph_Driver/src/stm32f401re_adc.o
                0x00000000080006fc                ADC_DiscModeCmd
 .text.ADC_DMACmd
                0x0000000008000734       0x38 ./SDK_1.0.3_NUCLEO-F401RE/shared/Drivers/STM32F401RE_StdPeriph_Driver/src/stm32f401re_adc.o
                0x0000000008000734                ADC_DMACmd
 .text.ADC_DMARequestAfterLastTransferCmd
                0x000000000800076c       0x38 ./SDK_1.0.3_NUCLEO-F401RE/shared/Drivers/STM32F401RE_StdPeriph_Driver/src/stm32f401re_adc.o
                0x000000000800076c                ADC_DMARequestAfterLastTransferCmd
 .text.EXTI_Init
                0x00000000080007a4       0xe4 ./SDK_1.0.3_NUCLEO-F401RE/shared/Drivers/STM32F401RE_StdPeriph_Driver/src/stm32f401re_exti.o
                0x00000000080007a4                EXTI_Init
 .text.EXTI_GetFlagStatus
                0x0000000008000888       0x34 ./SDK_1.0.3_NUCLEO-F401RE/shared/Drivers/STM32F401RE_StdPeriph_Driver/src/stm32f401re_exti.o
                0x0000000008000888                EXTI_GetFlagStatus
 .text.EXTI_ClearITPendingBit
                0x00000000080008bc       0x20 ./SDK_1.0.3_NUCLEO-F401RE/shared/Drivers/STM32F401RE_StdPeriph_Driver/src/stm32f401re_exti.o
                0x00000000080008bc                EXTI_ClearITPendingBit
 .text.GPIO_Init
                0x00000000080008dc      0x11e ./SDK_1.0.3_NUCLEO-F401RE/shared/Drivers/STM32F401RE_StdPeriph_Driver/src/stm32f401re_gpio.o
                0x00000000080008dc                GPIO_Init
 .text.GPIO_WriteBit
                0x00000000080009fa       0x30 ./SDK_1.0.3_NUCLEO-F401RE/shared/Drivers/STM32F401RE_StdPeriph_Driver/src/stm32f401re_gpio.o
                0x00000000080009fa                GPIO_WriteBit
 *fill*         0x0000000008000a2a        0x2 
 .text.RCC_GetClocksFreq
                0x0000000008000a2c      0x15c ./SDK_1.0.3_NUCLEO-F401RE/shared/Drivers/STM32F401RE_StdPeriph_Driver/src/stm32f401re_rcc.o
                0x0000000008000a2c                RCC_GetClocksFreq
 .text.RCC_AHB1PeriphClockCmd
                0x0000000008000b88       0x40 ./SDK_1.0.3_NUCLEO-F401RE/shared/Drivers/STM32F401RE_StdPeriph_Driver/src/stm32f401re_rcc.o
                0x0000000008000b88                RCC_AHB1PeriphClockCmd
 .text.RCC_APB2PeriphClockCmd
                0x0000000008000bc8       0x40 ./SDK_1.0.3_NUCLEO-F401RE/shared/Drivers/STM32F401RE_StdPeriph_Driver/src/stm32f401re_rcc.o
                0x0000000008000bc8                RCC_APB2PeriphClockCmd
 .text.RCC_APB2PeriphResetCmd
                0x0000000008000c08       0x40 ./SDK_1.0.3_NUCLEO-F401RE/shared/Drivers/STM32F401RE_StdPeriph_Driver/src/stm32f401re_rcc.o
                0x0000000008000c08                RCC_APB2PeriphResetCmd
 .text.SYSCFG_EXTILineConfig
                0x0000000008000c48       0x84 ./SDK_1.0.3_NUCLEO-F401RE/shared/Drivers/STM32F401RE_StdPeriph_Driver/src/stm32f401re_syscfg.o
                0x0000000008000c48                SYSCFG_EXTILineConfig
 .text.USART_ReceiveData
                0x0000000008000ccc       0x20 ./SDK_1.0.3_NUCLEO-F401RE/shared/Drivers/STM32F401RE_StdPeriph_Driver/src/stm32f401re_usart.o
                0x0000000008000ccc                USART_ReceiveData
 .text.USART_GetITStatus
                0x0000000008000cec       0xb6 ./SDK_1.0.3_NUCLEO-F401RE/shared/Drivers/STM32F401RE_StdPeriph_Driver/src/stm32f401re_usart.o
                0x0000000008000cec                USART_GetITStatus
 .text.USART_ClearITPendingBit
                0x0000000008000da2       0x3a ./SDK_1.0.3_NUCLEO-F401RE/shared/Drivers/STM32F401RE_StdPeriph_Driver/src/stm32f401re_usart.o
                0x0000000008000da2                USART_ClearITPendingBit
 .text.BUTTON_Interrupt_Init_B1
                0x0000000008000ddc       0x7c ./Src/main.o
 .text.BUTTON_Interrupt_Init_B2
                0x0000000008000e58       0x7c ./Src/main.o
 .text.BUTTON_Interrupt_Init_B3
                0x0000000008000ed4       0x7c ./Src/main.o
 .text.BUTTON_Interrupt_Init_B4
                0x0000000008000f50       0x7c ./Src/main.o
 .text.LoadConfiguration
                0x0000000008000fcc       0x48 ./Src/main.o
                0x0000000008000fcc                LoadConfiguration
 .text.ChooseBlock
                0x0000000008001014       0x98 ./Src/main.o
                0x0000000008001014                ChooseBlock
 .text.InitBlock
                0x00000000080010ac       0x5c ./Src/main.o
                0x00000000080010ac                InitBlock
 .text.DrawBlock
                0x0000000008001108       0xa4 ./Src/main.o
                0x0000000008001108                DrawBlock
 .text.EraseBlock
                0x00000000080011ac       0xa4 ./Src/main.o
                0x00000000080011ac                EraseBlock
 .text.Collision
                0x0000000008001250       0xc8 ./Src/main.o
                0x0000000008001250                Collision
 .text.FixBlock
                0x0000000008001318       0xac ./Src/main.o
                0x0000000008001318                FixBlock
 .text.UpdateScore
                0x00000000080013c4       0x54 ./Src/main.o
                0x00000000080013c4                UpdateScore
 .text.CheckFullRow
                0x0000000008001418      0x25c ./Src/main.o
                0x0000000008001418                CheckFullRow
 .text.CheckFullColumn
                0x0000000008001674       0x6c ./Src/main.o
                0x0000000008001674                CheckFullColumn
 .text.FallingBlock
                0x00000000080016e0      0x144 ./Src/main.o
                0x00000000080016e0                FallingBlock
 .text.Falling  0x0000000008001824       0x4c ./Src/main.o
                0x0000000008001824                Falling
 .text.CalculateBlockMaxWidth
                0x0000000008001870       0x74 ./Src/main.o
                0x0000000008001870                CalculateBlockMaxWidth
 .text.CalculateBlockWidth
                0x00000000080018e4       0x66 ./Src/main.o
                0x00000000080018e4                CalculateBlockWidth
 *fill*         0x000000000800194a        0x2 
 .text.RotateBlock
                0x000000000800194c      0x564 ./Src/main.o
                0x000000000800194c                RotateBlock
 .text.EXTI3_IRQHandler
                0x0000000008001eb0       0x48 ./Src/main.o
                0x0000000008001eb0                EXTI3_IRQHandler
 .text.EXTI0_IRQHandler
                0x0000000008001ef8       0x50 ./Src/main.o
                0x0000000008001ef8                EXTI0_IRQHandler
 .text.EXTI4_IRQHandler
                0x0000000008001f48       0x28 ./Src/main.o
                0x0000000008001f48                EXTI4_IRQHandler
 .text.EXTI9_5_IRQHandler
                0x0000000008001f70       0x1e ./Src/main.o
                0x0000000008001f70                EXTI9_5_IRQHandler
 *fill*         0x0000000008001f8e        0x2 
 .text.AppInitCommon
                0x0000000008001f90       0x74 ./Src/main.o
 .text.main     0x0000000008002004       0x12 ./Src/main.o
                0x0000000008002004                main
 *fill*         0x0000000008002016        0x2 
 .text._sbrk    0x0000000008002018       0x6c ./Src/sysmem.o
                0x0000000008002018                _sbrk
 .text.Reset_Handler
                0x0000000008002084       0x50 ./Startup/startup_stm32f401retx.o
                0x0000000008002084                Reset_Handler
 .text.Default_Handler
                0x00000000080020d4        0x2 ./Startup/startup_stm32f401retx.o
                0x00000000080020d4                EXTI2_IRQHandler
                0x00000000080020d4                DebugMon_Handler
                0x00000000080020d4                SPI4_IRQHandler
                0x00000000080020d4                TIM1_CC_IRQHandler
                0x00000000080020d4                DMA2_Stream5_IRQHandler
                0x00000000080020d4                HardFault_Handler
                0x00000000080020d4                DMA1_Stream5_IRQHandler
                0x00000000080020d4                SDIO_IRQHandler
                0x00000000080020d4                TAMP_STAMP_IRQHandler
                0x00000000080020d4                PendSV_Handler
                0x00000000080020d4                NMI_Handler
                0x00000000080020d4                TIM1_UP_TIM10_IRQHandler
                0x00000000080020d4                I2C3_ER_IRQHandler
                0x00000000080020d4                EXTI18_OTG_FS_WKUP_IRQHandler
                0x00000000080020d4                I2C2_EV_IRQHandler
                0x00000000080020d4                DMA1_Stream2_IRQHandler
                0x00000000080020d4                UsageFault_Handler
                0x00000000080020d4                DMA2_Stream2_IRQHandler
                0x00000000080020d4                SPI1_IRQHandler
                0x00000000080020d4                TIM1_BRK_TIM9_IRQHandler
                0x00000000080020d4                DMA2_Stream3_IRQHandler
                0x00000000080020d4                USART6_IRQHandler
                0x00000000080020d4                DMA2_Stream0_IRQHandler
                0x00000000080020d4                TIM4_IRQHandler
                0x00000000080020d4                I2C1_EV_IRQHandler
                0x00000000080020d4                DMA1_Stream6_IRQHandler
                0x00000000080020d4                DMA1_Stream1_IRQHandler
                0x00000000080020d4                TIM3_IRQHandler
                0x00000000080020d4                RCC_IRQHandler
                0x00000000080020d4                Default_Handler
                0x00000000080020d4                EXTI15_10_IRQHandler
                0x00000000080020d4                ADC_IRQHandler
                0x00000000080020d4                DMA1_Stream7_IRQHandler
                0x00000000080020d4                TIM5_IRQHandler
                0x00000000080020d4                DMA2_Stream7_IRQHandler
                0x00000000080020d4                I2C3_EV_IRQHandler
                0x00000000080020d4                SPI2_IRQHandler
                0x00000000080020d4                MemManage_Handler
                0x00000000080020d4                DMA1_Stream0_IRQHandler
                0x00000000080020d4                SVC_Handler
                0x00000000080020d4                EXTI22_RTC_WKUP_IRQHandler
                0x00000000080020d4                TIM2_IRQHandler
                0x00000000080020d4                EXTI16_PVD_IRQHandler
                0x00000000080020d4                TIM1_TRG_COM_TIM11_IRQHandler
                0x00000000080020d4                EXTI1_IRQHandler
                0x00000000080020d4                EXTI17_RTC_Alarm_IRQHandler
                0x00000000080020d4                I2C2_ER_IRQHandler
                0x00000000080020d4                DMA2_Stream1_IRQHandler
                0x00000000080020d4                FLASH_IRQHandler
                0x00000000080020d4                DMA2_Stream4_IRQHandler
                0x00000000080020d4                BusFault_Handler
                0x00000000080020d4                USART1_IRQHandler
                0x00000000080020d4                OTG_FS_IRQHandler
                0x00000000080020d4                SPI3_IRQHandler
                0x00000000080020d4                DMA1_Stream4_IRQHandler
                0x00000000080020d4                I2C1_ER_IRQHandler
                0x00000000080020d4                DMA2_Stream6_IRQHandler
                0x00000000080020d4                DMA1_Stream3_IRQHandler
 *fill*         0x00000000080020d6        0x2 
 .text.SystemInit
                0x00000000080020d8       0x6c C:\Users\ductm\Downloads\SDK_1.0.3_NUCLEO-F401RE\lib_stm\libLibraries.a(system_stm32f4xx.o)
                0x00000000080020d8                SystemInit
 .text.SystemCoreClockUpdate
                0x0000000008002144       0xf8 C:\Users\ductm\Downloads\SDK_1.0.3_NUCLEO-F401RE\lib_stm\libLibraries.a(system_stm32f4xx.o)
                0x0000000008002144                SystemCoreClockUpdate
 .text.SetSysClock
                0x000000000800223c       0xa0 C:\Users\ductm\Downloads\SDK_1.0.3_NUCLEO-F401RE\lib_stm\libLibraries.a(system_stm32f4xx.o)
 .text.NVIC_SetPriority
                0x00000000080022dc       0x54 C:\Users\ductm\Downloads\SDK_1.0.3_NUCLEO-F401RE\lib_stm\libLibraries.a(timer.o)
 .text.SysTick_Config
                0x0000000008002330       0x44 C:\Users\ductm\Downloads\SDK_1.0.3_NUCLEO-F401RE\lib_stm\libLibraries.a(timer.o)
 .text.TimerInit
                0x0000000008002374       0x44 C:\Users\ductm\Downloads\SDK_1.0.3_NUCLEO-F401RE\lib_stm\libLibraries.a(timer.o)
                0x0000000008002374                TimerInit
 .text.TimerStart
                0x00000000080023b8       0xc4 C:\Users\ductm\Downloads\SDK_1.0.3_NUCLEO-F401RE\lib_stm\libLibraries.a(timer.o)
                0x00000000080023b8                TimerStart
 .text.TimerStop
                0x000000000800247c       0xa0 C:\Users\ductm\Downloads\SDK_1.0.3_NUCLEO-F401RE\lib_stm\libLibraries.a(timer.o)
                0x000000000800247c                TimerStop
 .text.GetMilSecTick
                0x000000000800251c       0x18 C:\Users\ductm\Downloads\SDK_1.0.3_NUCLEO-F401RE\lib_stm\libLibraries.a(timer.o)
                0x000000000800251c                GetMilSecTick
 .text.processTimerScheduler
                0x0000000008002534       0xf0 C:\Users\ductm\Downloads\SDK_1.0.3_NUCLEO-F401RE\lib_stm\libLibraries.a(timer.o)
                0x0000000008002534                processTimerScheduler
 .text.TimeExpired
                0x0000000008002624       0xcc C:\Users\ductm\Downloads\SDK_1.0.3_NUCLEO-F401RE\lib_stm\libLibraries.a(timer.o)
 .text.SysTick_Handler
                0x00000000080026f0       0x1c C:\Users\ductm\Downloads\SDK_1.0.3_NUCLEO-F401RE\lib_stm\libLibraries.a(timer.o)
                0x00000000080026f0                SysTick_Handler
 .text.LightSensor_Init
                0x000000000800270c      0x160 C:\Users\ductm\Downloads\SDK_1.0.3_NUCLEO-F401RE\lib_stm\libLibraries.a(lightsensor.o)
                0x000000000800270c                LightSensor_Init
 .text.LightSensor_MeasureUseDMAMode
                0x000000000800286c       0x18 C:\Users\ductm\Downloads\SDK_1.0.3_NUCLEO-F401RE\lib_stm\libLibraries.a(lightsensor.o)
                0x000000000800286c                LightSensor_MeasureUseDMAMode
 .text.USART2_IRQHandler
                0x0000000008002884       0x50 C:\Users\ductm\Downloads\SDK_1.0.3_NUCLEO-F401RE\lib_stm\libLibraries.a(serial.o)
                0x0000000008002884                USART2_IRQHandler
 .text.delayMicroseconds
                0x00000000080028d4       0x14 C:\Users\ductm\Downloads\SDK_1.0.3_NUCLEO-F401RE\lib_stm\libLibraries.a(Ucglib.o)
 .text.ucg_gpio_init
                0x00000000080028e8       0x60 C:\Users\ductm\Downloads\SDK_1.0.3_NUCLEO-F401RE\lib_stm\libLibraries.a(Ucglib.o)
 .text.ucg_com_arduino_send_generic_SW_SPI
                0x0000000008002948       0x74 C:\Users\ductm\Downloads\SDK_1.0.3_NUCLEO-F401RE\lib_stm\libLibraries.a(Ucglib.o)
 .text.ucg_com_arduino_generic_SW_SPI
                0x00000000080029bc      0x1ec C:\Users\ductm\Downloads\SDK_1.0.3_NUCLEO-F401RE\lib_stm\libLibraries.a(Ucglib.o)
 .text.Ucglib4WireSWSPI_begin
                0x0000000008002ba8       0x38 C:\Users\ductm\Downloads\SDK_1.0.3_NUCLEO-F401RE\lib_stm\libLibraries.a(Ucglib.o)
                0x0000000008002ba8                Ucglib4WireSWSPI_begin
 .text.ucg_DrawBox
                0x0000000008002be0       0x56 C:\Users\ductm\Downloads\SDK_1.0.3_NUCLEO-F401RE\lib_stm\libLibraries.a(ucg_box.o)
                0x0000000008002be0                ucg_DrawBox
 .text.ucg_ClearScreen
                0x0000000008002c36       0x50 C:\Users\ductm\Downloads\SDK_1.0.3_NUCLEO-F401RE\lib_stm\libLibraries.a(ucg_box.o)
                0x0000000008002c36                ucg_ClearScreen
 .text.ucg_DrawFrame
                0x0000000008002c86       0x9a C:\Users\ductm\Downloads\SDK_1.0.3_NUCLEO-F401RE\lib_stm\libLibraries.a(ucg_box.o)
                0x0000000008002c86                ucg_DrawFrame
 .text.ucg_ccs_init
                0x0000000008002d20       0xc0 C:\Users\ductm\Downloads\SDK_1.0.3_NUCLEO-F401RE\lib_stm\libLibraries.a(ucg_ccs.o)
                0x0000000008002d20                ucg_ccs_init
 .text.ucg_ccs_step
                0x0000000008002de0       0x80 C:\Users\ductm\Downloads\SDK_1.0.3_NUCLEO-F401RE\lib_stm\libLibraries.a(ucg_ccs.o)
                0x0000000008002de0                ucg_ccs_step
 .text.ucg_ccs_seek
                0x0000000008002e60       0xca C:\Users\ductm\Downloads\SDK_1.0.3_NUCLEO-F401RE\lib_stm\libLibraries.a(ucg_ccs.o)
                0x0000000008002e60                ucg_ccs_seek
 .text.ucg_dev_default_cb
                0x0000000008002f2a       0x44 C:\Users\ductm\Downloads\SDK_1.0.3_NUCLEO-F401RE\lib_stm\libLibraries.a(ucg_dev_default_cb.o)
                0x0000000008002f2a                ucg_dev_default_cb
 .text.ucg_ext_none
                0x0000000008002f6e       0x1c C:\Users\ductm\Downloads\SDK_1.0.3_NUCLEO-F401RE\lib_stm\libLibraries.a(ucg_dev_default_cb.o)
                0x0000000008002f6e                ucg_ext_none
 *fill*         0x0000000008002f8a        0x2 
 .text.ucg_handle_st7735_l90fx
                0x0000000008002f8c       0xd8 C:\Users\ductm\Downloads\SDK_1.0.3_NUCLEO-F401RE\lib_stm\libLibraries.a(ucg_dev_ic_st7735.o)
                0x0000000008002f8c                ucg_handle_st7735_l90fx
 .text.ucg_handle_st7735_l90se
                0x0000000008003064      0x154 C:\Users\ductm\Downloads\SDK_1.0.3_NUCLEO-F401RE\lib_stm\libLibraries.a(ucg_dev_ic_st7735.o)
                0x0000000008003064                ucg_handle_st7735_l90se
 .text.ucg_dev_ic_st7735_18
                0x00000000080031b8       0xf8 C:\Users\ductm\Downloads\SDK_1.0.3_NUCLEO-F401RE\lib_stm\libLibraries.a(ucg_dev_ic_st7735.o)
                0x00000000080031b8                ucg_dev_ic_st7735_18
 .text.ucg_ext_st7735_18
                0x00000000080032b0       0x28 C:\Users\ductm\Downloads\SDK_1.0.3_NUCLEO-F401RE\lib_stm\libLibraries.a(ucg_dev_ic_st7735.o)
                0x00000000080032b0                ucg_ext_st7735_18
 .text.ucg_PowerDown
                0x00000000080032d8       0x34 C:\Users\ductm\Downloads\SDK_1.0.3_NUCLEO-F401RE\lib_stm\libLibraries.a(ucg_dev_msg_api.o)
                0x00000000080032d8                ucg_PowerDown
 .text.ucg_PowerUp
                0x000000000800330c       0x3c C:\Users\ductm\Downloads\SDK_1.0.3_NUCLEO-F401RE\lib_stm\libLibraries.a(ucg_dev_msg_api.o)
                0x000000000800330c                ucg_PowerUp
 .text.ucg_SetClipBox
                0x0000000008003348       0x1e C:\Users\ductm\Downloads\SDK_1.0.3_NUCLEO-F401RE\lib_stm\libLibraries.a(ucg_dev_msg_api.o)
                0x0000000008003348                ucg_SetClipBox
 .text.ucg_SetMaxClipRange
                0x0000000008003366       0x30 C:\Users\ductm\Downloads\SDK_1.0.3_NUCLEO-F401RE\lib_stm\libLibraries.a(ucg_dev_msg_api.o)
                0x0000000008003366                ucg_SetMaxClipRange
 .text.ucg_GetDimension
                0x0000000008003396       0x24 C:\Users\ductm\Downloads\SDK_1.0.3_NUCLEO-F401RE\lib_stm\libLibraries.a(ucg_dev_msg_api.o)
                0x0000000008003396                ucg_GetDimension
 .text.ucg_DrawL90FXWithArg
                0x00000000080033ba       0x1e C:\Users\ductm\Downloads\SDK_1.0.3_NUCLEO-F401RE\lib_stm\libLibraries.a(ucg_dev_msg_api.o)
                0x00000000080033ba                ucg_DrawL90FXWithArg
 .text.ucg_dev_st7735_18x128x128
                0x00000000080033d8       0x80 C:\Users\ductm\Downloads\SDK_1.0.3_NUCLEO-F401RE\lib_stm\libLibraries.a(ucg_dev_tft_128x128_st7735.o)
                0x00000000080033d8                ucg_dev_st7735_18x128x128
 .text.ucg_font_get_byte
                0x0000000008003458       0x24 C:\Users\ductm\Downloads\SDK_1.0.3_NUCLEO-F401RE\lib_stm\libLibraries.a(ucg_font.o)
 .text.ucg_font_get_word
                0x000000000800347c       0x40 C:\Users\ductm\Downloads\SDK_1.0.3_NUCLEO-F401RE\lib_stm\libLibraries.a(ucg_font.o)
 .text.ucg_read_font_info
                0x00000000080034bc      0x142 C:\Users\ductm\Downloads\SDK_1.0.3_NUCLEO-F401RE\lib_stm\libLibraries.a(ucg_font.o)
                0x00000000080034bc                ucg_read_font_info
 .text.ucg_font_decode_get_unsigned_bits
                0x00000000080035fe       0x96 C:\Users\ductm\Downloads\SDK_1.0.3_NUCLEO-F401RE\lib_stm\libLibraries.a(ucg_font.o)
                0x00000000080035fe                ucg_font_decode_get_unsigned_bits
 .text.ucg_font_decode_get_signed_bits
                0x0000000008003694       0x46 C:\Users\ductm\Downloads\SDK_1.0.3_NUCLEO-F401RE\lib_stm\libLibraries.a(ucg_font.o)
                0x0000000008003694                ucg_font_decode_get_signed_bits
 .text.ucg_add_vector_y
                0x00000000080036da       0x7a C:\Users\ductm\Downloads\SDK_1.0.3_NUCLEO-F401RE\lib_stm\libLibraries.a(ucg_font.o)
 .text.ucg_add_vector_x
                0x0000000008003754       0x7a C:\Users\ductm\Downloads\SDK_1.0.3_NUCLEO-F401RE\lib_stm\libLibraries.a(ucg_font.o)
 .text.ucg_font_decode_len
                0x00000000080037ce      0x118 C:\Users\ductm\Downloads\SDK_1.0.3_NUCLEO-F401RE\lib_stm\libLibraries.a(ucg_font.o)
                0x00000000080037ce                ucg_font_decode_len
 .text.ucg_font_setup_decode
                0x00000000080038e6       0x64 C:\Users\ductm\Downloads\SDK_1.0.3_NUCLEO-F401RE\lib_stm\libLibraries.a(ucg_font.o)
 .text.ucg_font_decode_glyph
                0x000000000800394a      0x14c C:\Users\ductm\Downloads\SDK_1.0.3_NUCLEO-F401RE\lib_stm\libLibraries.a(ucg_font.o)
                0x000000000800394a                ucg_font_decode_glyph
 .text.ucg_font_get_glyph_data
                0x0000000008003a96       0x7a C:\Users\ductm\Downloads\SDK_1.0.3_NUCLEO-F401RE\lib_stm\libLibraries.a(ucg_font.o)
                0x0000000008003a96                ucg_font_get_glyph_data
 .text.ucg_font_draw_glyph
                0x0000000008003b10       0x62 C:\Users\ductm\Downloads\SDK_1.0.3_NUCLEO-F401RE\lib_stm\libLibraries.a(ucg_font.o)
                0x0000000008003b10                ucg_font_draw_glyph
 .text.ucg_SetFontMode
                0x0000000008003b72       0x20 C:\Users\ductm\Downloads\SDK_1.0.3_NUCLEO-F401RE\lib_stm\libLibraries.a(ucg_font.o)
                0x0000000008003b72                ucg_SetFontMode
 *fill*         0x0000000008003b92        0x2 
 .text.ucg_DrawGlyph
                0x0000000008003b94       0xb0 C:\Users\ductm\Downloads\SDK_1.0.3_NUCLEO-F401RE\lib_stm\libLibraries.a(ucg_font.o)
                0x0000000008003b94                ucg_DrawGlyph
 .text.task_drawString
                0x0000000008003c44      0x138 C:\Users\ductm\Downloads\SDK_1.0.3_NUCLEO-F401RE\lib_stm\libLibraries.a(ucg_font.o)
                0x0000000008003c44                task_drawString
 .text.ucg_DrawString
                0x0000000008003d7c       0x78 C:\Users\ductm\Downloads\SDK_1.0.3_NUCLEO-F401RE\lib_stm\libLibraries.a(ucg_font.o)
                0x0000000008003d7c                ucg_DrawString
 .text.ucg_UpdateRefHeight
                0x0000000008003df4       0xd8 C:\Users\ductm\Downloads\SDK_1.0.3_NUCLEO-F401RE\lib_stm\libLibraries.a(ucg_font.o)
                0x0000000008003df4                ucg_UpdateRefHeight
 .text.ucg_font_calc_vref_font
                0x0000000008003ecc       0x16 C:\Users\ductm\Downloads\SDK_1.0.3_NUCLEO-F401RE\lib_stm\libLibraries.a(ucg_font.o)
                0x0000000008003ecc                ucg_font_calc_vref_font
 *fill*         0x0000000008003ee2        0x2 
 .text.ucg_SetFontPosBaseline
                0x0000000008003ee4       0x20 C:\Users\ductm\Downloads\SDK_1.0.3_NUCLEO-F401RE\lib_stm\libLibraries.a(ucg_font.o)
                0x0000000008003ee4                ucg_SetFontPosBaseline
 .text.ucg_SetFont
                0x0000000008003f04       0x4c C:\Users\ductm\Downloads\SDK_1.0.3_NUCLEO-F401RE\lib_stm\libLibraries.a(ucg_font.o)
                0x0000000008003f04                ucg_SetFont
 .text.ucg_init_struct
                0x0000000008003f50       0x50 C:\Users\ductm\Downloads\SDK_1.0.3_NUCLEO-F401RE\lib_stm\libLibraries.a(ucg_init.o)
                0x0000000008003f50                ucg_init_struct
 .text.ucg_Init
                0x0000000008003fa0       0x5c C:\Users\ductm\Downloads\SDK_1.0.3_NUCLEO-F401RE\lib_stm\libLibraries.a(ucg_init.o)
                0x0000000008003fa0                ucg_Init
 .text.ucg_Draw90Line
                0x0000000008003ffc       0x88 C:\Users\ductm\Downloads\SDK_1.0.3_NUCLEO-F401RE\lib_stm\libLibraries.a(ucg_line.o)
                0x0000000008003ffc                ucg_Draw90Line
 .text.ucg_DrawHLine
                0x0000000008004084       0x3e C:\Users\ductm\Downloads\SDK_1.0.3_NUCLEO-F401RE\lib_stm\libLibraries.a(ucg_line.o)
                0x0000000008004084                ucg_DrawHLine
 .text.ucg_DrawVLine
                0x00000000080040c2       0x3e C:\Users\ductm\Downloads\SDK_1.0.3_NUCLEO-F401RE\lib_stm\libLibraries.a(ucg_line.o)
                0x00000000080040c2                ucg_DrawVLine
 .text.ucg_SetColor
                0x0000000008004100       0x5c C:\Users\ductm\Downloads\SDK_1.0.3_NUCLEO-F401RE\lib_stm\libLibraries.a(ucg_pixel.o)
                0x0000000008004100                ucg_SetColor
 .text.ucg_UndoRotate
                0x000000000800415c       0x32 C:\Users\ductm\Downloads\SDK_1.0.3_NUCLEO-F401RE\lib_stm\libLibraries.a(ucg_rotate.o)
                0x000000000800415c                ucg_UndoRotate
 .text.ucg_rotate_180_xy
                0x000000000800418e       0x66 C:\Users\ductm\Downloads\SDK_1.0.3_NUCLEO-F401RE\lib_stm\libLibraries.a(ucg_rotate.o)
 .text.ucg_dev_rotate180
                0x00000000080041f4      0x100 C:\Users\ductm\Downloads\SDK_1.0.3_NUCLEO-F401RE\lib_stm\libLibraries.a(ucg_rotate.o)
                0x00000000080041f4                ucg_dev_rotate180
 .text.ucg_SetRotate180
                0x00000000080042f4       0x34 C:\Users\ductm\Downloads\SDK_1.0.3_NUCLEO-F401RE\lib_stm\libLibraries.a(ucg_rotate.o)
                0x00000000080042f4                ucg_SetRotate180
 .text.bufInit  0x0000000008004328       0x36 C:\Users\ductm\Downloads\SDK_1.0.3_NUCLEO-F401RE\lib_stm\libLibraries.a(buff.o)
                0x0000000008004328                bufInit
 .text.bufNumItems
                0x000000000800435e       0x18 C:\Users\ductm\Downloads\SDK_1.0.3_NUCLEO-F401RE\lib_stm\libLibraries.a(buff.o)
                0x000000000800435e                bufNumItems
 .text.bufIsFull
                0x0000000008004376       0x26 C:\Users\ductm\Downloads\SDK_1.0.3_NUCLEO-F401RE\lib_stm\libLibraries.a(buff.o)
                0x0000000008004376                bufIsFull
 .text.bufIsEmpty
                0x000000000800439c       0x26 C:\Users\ductm\Downloads\SDK_1.0.3_NUCLEO-F401RE\lib_stm\libLibraries.a(buff.o)
                0x000000000800439c                bufIsEmpty
 .text.bufFlush
                0x00000000080043c2       0x32 C:\Users\ductm\Downloads\SDK_1.0.3_NUCLEO-F401RE\lib_stm\libLibraries.a(buff.o)
                0x00000000080043c2                bufFlush
 .text.bufEnDat
                0x00000000080043f4       0x9c C:\Users\ductm\Downloads\SDK_1.0.3_NUCLEO-F401RE\lib_stm\libLibraries.a(buff.o)
                0x00000000080043f4                bufEnDat
 .text.bufDeDat
                0x0000000008004490       0x84 C:\Users\ductm\Downloads\SDK_1.0.3_NUCLEO-F401RE\lib_stm\libLibraries.a(buff.o)
                0x0000000008004490                bufDeDat
 .text.memsetl  0x0000000008004514       0x32 C:\Users\ductm\Downloads\SDK_1.0.3_NUCLEO-F401RE\lib_stm\libLibraries.a(utilities.o)
                0x0000000008004514                memsetl
 *fill*         0x0000000008004546        0x2 
 .text.DMA_DeInit
                0x0000000008004548      0x1a8 C:\Users\ductm\Downloads\SDK_1.0.3_NUCLEO-F401RE\lib_stm\libLibraries.a(stm32f401re_dma.o)
                0x0000000008004548                DMA_DeInit
 .text.DMA_Init
                0x00000000080046f0       0xb0 C:\Users\ductm\Downloads\SDK_1.0.3_NUCLEO-F401RE\lib_stm\libLibraries.a(stm32f401re_dma.o)
                0x00000000080046f0                DMA_Init
 .text.DMA_Cmd  0x00000000080047a0       0x38 C:\Users\ductm\Downloads\SDK_1.0.3_NUCLEO-F401RE\lib_stm\libLibraries.a(stm32f401re_dma.o)
                0x00000000080047a0                DMA_Cmd
 .text.ucg_clip_is_x_visible
                0x00000000080047d8       0x4a C:\Users\ductm\Downloads\SDK_1.0.3_NUCLEO-F401RE\lib_stm\libLibraries.a(ucg_clip.o)
 .text.ucg_clip_is_y_visible
                0x0000000008004822       0x4a C:\Users\ductm\Downloads\SDK_1.0.3_NUCLEO-F401RE\lib_stm\libLibraries.a(ucg_clip.o)
 .text.ucg_clip_intersection
                0x000000000800486c       0x74 C:\Users\ductm\Downloads\SDK_1.0.3_NUCLEO-F401RE\lib_stm\libLibraries.a(ucg_clip.o)
 .text.ucg_clip_is_pixel_visible
                0x00000000080048e0       0x32 C:\Users\ductm\Downloads\SDK_1.0.3_NUCLEO-F401RE\lib_stm\libLibraries.a(ucg_clip.o)
                0x00000000080048e0                ucg_clip_is_pixel_visible
 *fill*         0x0000000008004912        0x2 
 .text.ucg_clip_l90fx
                0x0000000008004914      0x300 C:\Users\ductm\Downloads\SDK_1.0.3_NUCLEO-F401RE\lib_stm\libLibraries.a(ucg_clip.o)
                0x0000000008004914                ucg_clip_l90fx
 .text.ucg_clip_l90se
                0x0000000008004c14       0x54 C:\Users\ductm\Downloads\SDK_1.0.3_NUCLEO-F401RE\lib_stm\libLibraries.a(ucg_clip.o)
                0x0000000008004c14                ucg_clip_l90se
 .text.ucg_com_PowerDown
                0x0000000008004c68       0x3e C:\Users\ductm\Downloads\SDK_1.0.3_NUCLEO-F401RE\lib_stm\libLibraries.a(ucg_com_msg_api.o)
                0x0000000008004c68                ucg_com_PowerDown
 .text.ucg_com_PowerUp
                0x0000000008004ca6       0x60 C:\Users\ductm\Downloads\SDK_1.0.3_NUCLEO-F401RE\lib_stm\libLibraries.a(ucg_com_msg_api.o)
                0x0000000008004ca6                ucg_com_PowerUp
 .text.ucg_com_SetLineStatus
                0x0000000008004d06       0xe2 C:\Users\ductm\Downloads\SDK_1.0.3_NUCLEO-F401RE\lib_stm\libLibraries.a(ucg_com_msg_api.o)
                0x0000000008004d06                ucg_com_SetLineStatus
 .text.ucg_com_SetResetLineStatus
                0x0000000008004de8       0x20 C:\Users\ductm\Downloads\SDK_1.0.3_NUCLEO-F401RE\lib_stm\libLibraries.a(ucg_com_msg_api.o)
                0x0000000008004de8                ucg_com_SetResetLineStatus
 .text.ucg_com_SetCSLineStatus
                0x0000000008004e08       0x20 C:\Users\ductm\Downloads\SDK_1.0.3_NUCLEO-F401RE\lib_stm\libLibraries.a(ucg_com_msg_api.o)
                0x0000000008004e08                ucg_com_SetCSLineStatus
 .text.ucg_com_SetCDLineStatus
                0x0000000008004e28       0x20 C:\Users\ductm\Downloads\SDK_1.0.3_NUCLEO-F401RE\lib_stm\libLibraries.a(ucg_com_msg_api.o)
                0x0000000008004e28                ucg_com_SetCDLineStatus
 .text.ucg_com_DelayMicroseconds
                0x0000000008004e48       0x22 C:\Users\ductm\Downloads\SDK_1.0.3_NUCLEO-F401RE\lib_stm\libLibraries.a(ucg_com_msg_api.o)
                0x0000000008004e48                ucg_com_DelayMicroseconds
 .text.ucg_com_DelayMilliseconds
                0x0000000008004e6a       0x2c C:\Users\ductm\Downloads\SDK_1.0.3_NUCLEO-F401RE\lib_stm\libLibraries.a(ucg_com_msg_api.o)
                0x0000000008004e6a                ucg_com_DelayMilliseconds
 .text.ucg_com_SendByte
                0x0000000008004e96       0x24 C:\Users\ductm\Downloads\SDK_1.0.3_NUCLEO-F401RE\lib_stm\libLibraries.a(ucg_com_msg_api.o)
                0x0000000008004e96                ucg_com_SendByte
 .text.ucg_com_SendStringP
                0x0000000008004eba       0x40 C:\Users\ductm\Downloads\SDK_1.0.3_NUCLEO-F401RE\lib_stm\libLibraries.a(ucg_com_msg_api.o)
                0x0000000008004eba                ucg_com_SendStringP
 .text.ucg_com_SendCmdArg
                0x0000000008004efa       0x74 C:\Users\ductm\Downloads\SDK_1.0.3_NUCLEO-F401RE\lib_stm\libLibraries.a(ucg_com_msg_api.o)
 *fill*         0x0000000008004f6e        0x2 
 .text.ucg_com_SendCmdSeq
                0x0000000008004f70      0x278 C:\Users\ductm\Downloads\SDK_1.0.3_NUCLEO-F401RE\lib_stm\libLibraries.a(ucg_com_msg_api.o)
                0x0000000008004f70                ucg_com_SendCmdSeq
 .text.sprintf  0x00000000080051e8       0x40 D:/STM32CubeIDE_1.13.1/STM32CubeIDE/plugins/com.st.stm32cube.ide.mcu.externaltools.gnu-tools-for-stm32.11.3.rel1.win32_1.1.0.202305231506/tools/bin/../lib/gcc/arm-none-eabi/11.3.1/../../../../arm-none-eabi/lib/thumb/v7e-m+fp/hard\libc_nano.a(libc_a-sprintf.o)
                0x00000000080051e8                siprintf
                0x00000000080051e8                sprintf
 .text.memset   0x0000000008005228       0x10 D:/STM32CubeIDE_1.13.1/STM32CubeIDE/plugins/com.st.stm32cube.ide.mcu.externaltools.gnu-tools-for-stm32.11.3.rel1.win32_1.1.0.202305231506/tools/bin/../lib/gcc/arm-none-eabi/11.3.1/../../../../arm-none-eabi/lib/thumb/v7e-m+fp/hard\libc_nano.a(libc_a-memset.o)
                0x0000000008005228                memset
 .text.__errno  0x0000000008005238        0xc D:/STM32CubeIDE_1.13.1/STM32CubeIDE/plugins/com.st.stm32cube.ide.mcu.externaltools.gnu-tools-for-stm32.11.3.rel1.win32_1.1.0.202305231506/tools/bin/../lib/gcc/arm-none-eabi/11.3.1/../../../../arm-none-eabi/lib/thumb/v7e-m+fp/hard\libc_nano.a(libc_a-errno.o)
                0x0000000008005238                __errno
 .text.__libc_init_array
                0x0000000008005244       0x48 D:/STM32CubeIDE_1.13.1/STM32CubeIDE/plugins/com.st.stm32cube.ide.mcu.externaltools.gnu-tools-for-stm32.11.3.rel1.win32_1.1.0.202305231506/tools/bin/../lib/gcc/arm-none-eabi/11.3.1/../../../../arm-none-eabi/lib/thumb/v7e-m+fp/hard\libc_nano.a(libc_a-init.o)
                0x0000000008005244                __libc_init_array
 .text.__retarget_lock_acquire_recursive
                0x000000000800528c        0x2 D:/STM32CubeIDE_1.13.1/STM32CubeIDE/plugins/com.st.stm32cube.ide.mcu.externaltools.gnu-tools-for-stm32.11.3.rel1.win32_1.1.0.202305231506/tools/bin/../lib/gcc/arm-none-eabi/11.3.1/../../../../arm-none-eabi/lib/thumb/v7e-m+fp/hard\libc_nano.a(libc_a-lock.o)
                0x000000000800528c                __retarget_lock_acquire_recursive
 .text.__retarget_lock_release_recursive
                0x000000000800528e        0x2 D:/STM32CubeIDE_1.13.1/STM32CubeIDE/plugins/com.st.stm32cube.ide.mcu.externaltools.gnu-tools-for-stm32.11.3.rel1.win32_1.1.0.202305231506/tools/bin/../lib/gcc/arm-none-eabi/11.3.1/../../../../arm-none-eabi/lib/thumb/v7e-m+fp/hard\libc_nano.a(libc_a-lock.o)
                0x000000000800528e                __retarget_lock_release_recursive
 .text._free_r  0x0000000008005290       0x98 D:/STM32CubeIDE_1.13.1/STM32CubeIDE/plugins/com.st.stm32cube.ide.mcu.externaltools.gnu-tools-for-stm32.11.3.rel1.win32_1.1.0.202305231506/tools/bin/../lib/gcc/arm-none-eabi/11.3.1/../../../../arm-none-eabi/lib/thumb/v7e-m+fp/hard\libc_nano.a(libc_a-freer.o)
                0x0000000008005290                _free_r
 .text.sbrk_aligned
                0x0000000008005328       0x40 D:/STM32CubeIDE_1.13.1/STM32CubeIDE/plugins/com.st.stm32cube.ide.mcu.externaltools.gnu-tools-for-stm32.11.3.rel1.win32_1.1.0.202305231506/tools/bin/../lib/gcc/arm-none-eabi/11.3.1/../../../../arm-none-eabi/lib/thumb/v7e-m+fp/hard\libc_nano.a(libc_a-mallocr.o)
 .text._malloc_r
                0x0000000008005368      0x100 D:/STM32CubeIDE_1.13.1/STM32CubeIDE/plugins/com.st.stm32cube.ide.mcu.externaltools.gnu-tools-for-stm32.11.3.rel1.win32_1.1.0.202305231506/tools/bin/../lib/gcc/arm-none-eabi/11.3.1/../../../../arm-none-eabi/lib/thumb/v7e-m+fp/hard\libc_nano.a(libc_a-mallocr.o)
                0x0000000008005368                _malloc_r
 .text.__malloc_lock
                0x0000000008005468        0xc D:/STM32CubeIDE_1.13.1/STM32CubeIDE/plugins/com.st.stm32cube.ide.mcu.externaltools.gnu-tools-for-stm32.11.3.rel1.win32_1.1.0.202305231506/tools/bin/../lib/gcc/arm-none-eabi/11.3.1/../../../../arm-none-eabi/lib/thumb/v7e-m+fp/hard\libc_nano.a(libc_a-mlock.o)
                0x0000000008005468                __malloc_lock
 .text.__malloc_unlock
                0x0000000008005474        0xc D:/STM32CubeIDE_1.13.1/STM32CubeIDE/plugins/com.st.stm32cube.ide.mcu.externaltools.gnu-tools-for-stm32.11.3.rel1.win32_1.1.0.202305231506/tools/bin/../lib/gcc/arm-none-eabi/11.3.1/../../../../arm-none-eabi/lib/thumb/v7e-m+fp/hard\libc_nano.a(libc_a-mlock.o)
                0x0000000008005474                __malloc_unlock
 .text.__ssputs_r
                0x0000000008005480       0xb4 D:/STM32CubeIDE_1.13.1/STM32CubeIDE/plugins/com.st.stm32cube.ide.mcu.externaltools.gnu-tools-for-stm32.11.3.rel1.win32_1.1.0.202305231506/tools/bin/../lib/gcc/arm-none-eabi/11.3.1/../../../../arm-none-eabi/lib/thumb/v7e-m+fp/hard\libc_nano.a(libc_a-nano-svfprintf.o)
                0x0000000008005480                __ssputs_r
 .text._svfprintf_r
                0x0000000008005534      0x1fc D:/STM32CubeIDE_1.13.1/STM32CubeIDE/plugins/com.st.stm32cube.ide.mcu.externaltools.gnu-tools-for-stm32.11.3.rel1.win32_1.1.0.202305231506/tools/bin/../lib/gcc/arm-none-eabi/11.3.1/../../../../arm-none-eabi/lib/thumb/v7e-m+fp/hard\libc_nano.a(libc_a-nano-svfprintf.o)
                0x0000000008005534                _svfiprintf_r
                0x0000000008005534                _svfprintf_r
 .text._printf_common
                0x0000000008005730       0xda D:/STM32CubeIDE_1.13.1/STM32CubeIDE/plugins/com.st.stm32cube.ide.mcu.externaltools.gnu-tools-for-stm32.11.3.rel1.win32_1.1.0.202305231506/tools/bin/../lib/gcc/arm-none-eabi/11.3.1/../../../../arm-none-eabi/lib/thumb/v7e-m+fp/hard\libc_nano.a(libc_a-nano-vfprintf_i.o)
                0x0000000008005730                _printf_common
 *fill*         0x000000000800580a        0x2 
 .text._printf_i
                0x000000000800580c      0x244 D:/STM32CubeIDE_1.13.1/STM32CubeIDE/plugins/com.st.stm32cube.ide.mcu.externaltools.gnu-tools-for-stm32.11.3.rel1.win32_1.1.0.202305231506/tools/bin/../lib/gcc/arm-none-eabi/11.3.1/../../../../arm-none-eabi/lib/thumb/v7e-m+fp/hard\libc_nano.a(libc_a-nano-vfprintf_i.o)
                0x000000000800580c                _printf_i
 .text.memmove  0x0000000008005a50       0x34 D:/STM32CubeIDE_1.13.1/STM32CubeIDE/plugins/com.st.stm32cube.ide.mcu.externaltools.gnu-tools-for-stm32.11.3.rel1.win32_1.1.0.202305231506/tools/bin/../lib/gcc/arm-none-eabi/11.3.1/../../../../arm-none-eabi/lib/thumb/v7e-m+fp/hard\libc_nano.a(libc_a-memmove.o)
                0x0000000008005a50                memmove
 .text._sbrk_r  0x0000000008005a84       0x20 D:/STM32CubeIDE_1.13.1/STM32CubeIDE/plugins/com.st.stm32cube.ide.mcu.externaltools.gnu-tools-for-stm32.11.3.rel1.win32_1.1.0.202305231506/tools/bin/../lib/gcc/arm-none-eabi/11.3.1/../../../../arm-none-eabi/lib/thumb/v7e-m+fp/hard\libc_nano.a(libc_a-sbrkr.o)
                0x0000000008005a84                _sbrk_r
 .text.memcpy   0x0000000008005aa4       0x1c D:/STM32CubeIDE_1.13.1/STM32CubeIDE/plugins/com.st.stm32cube.ide.mcu.externaltools.gnu-tools-for-stm32.11.3.rel1.win32_1.1.0.202305231506/tools/bin/../lib/gcc/arm-none-eabi/11.3.1/../../../../arm-none-eabi/lib/thumb/v7e-m+fp/hard\libc_nano.a(libc_a-memcpy-stub.o)
                0x0000000008005aa4                memcpy
 .text._realloc_r
                0x0000000008005ac0       0x5e D:/STM32CubeIDE_1.13.1/STM32CubeIDE/plugins/com.st.stm32cube.ide.mcu.externaltools.gnu-tools-for-stm32.11.3.rel1.win32_1.1.0.202305231506/tools/bin/../lib/gcc/arm-none-eabi/11.3.1/../../../../arm-none-eabi/lib/thumb/v7e-m+fp/hard\libc_nano.a(libc_a-reallocr.o)
                0x0000000008005ac0                _realloc_r
 .text._malloc_usable_size_r
                0x0000000008005b1e       0x10 D:/STM32CubeIDE_1.13.1/STM32CubeIDE/plugins/com.st.stm32cube.ide.mcu.externaltools.gnu-tools-for-stm32.11.3.rel1.win32_1.1.0.202305231506/tools/bin/../lib/gcc/arm-none-eabi/11.3.1/../../../../arm-none-eabi/lib/thumb/v7e-m+fp/hard\libc_nano.a(libc_a-msizer.o)
                0x0000000008005b1e                _malloc_usable_size_r
 *(.glue_7)
 .glue_7        0x0000000008005b2e        0x0 linker stubs
 *(.glue_7t)
 .glue_7t       0x0000000008005b2e        0x0 linker stubs
 *(.eh_frame)
 *fill*         0x0000000008005b2e        0x2 
 .eh_frame      0x0000000008005b30        0x0 D:/STM32CubeIDE_1.13.1/STM32CubeIDE/plugins/com.st.stm32cube.ide.mcu.externaltools.gnu-tools-for-stm32.11.3.rel1.win32_1.1.0.202305231506/tools/bin/../lib/gcc/arm-none-eabi/11.3.1/thumb/v7e-m+fp/hard/crtbegin.o
 *(.init)
 .init          0x0000000008005b30        0x4 D:/STM32CubeIDE_1.13.1/STM32CubeIDE/plugins/com.st.stm32cube.ide.mcu.externaltools.gnu-tools-for-stm32.11.3.rel1.win32_1.1.0.202305231506/tools/bin/../lib/gcc/arm-none-eabi/11.3.1/thumb/v7e-m+fp/hard/crti.o
                0x0000000008005b30                _init
 .init          0x0000000008005b34        0x8 D:/STM32CubeIDE_1.13.1/STM32CubeIDE/plugins/com.st.stm32cube.ide.mcu.externaltools.gnu-tools-for-stm32.11.3.rel1.win32_1.1.0.202305231506/tools/bin/../lib/gcc/arm-none-eabi/11.3.1/thumb/v7e-m+fp/hard/crtn.o
 *(.fini)
 .fini          0x0000000008005b3c        0x4 D:/STM32CubeIDE_1.13.1/STM32CubeIDE/plugins/com.st.stm32cube.ide.mcu.externaltools.gnu-tools-for-stm32.11.3.rel1.win32_1.1.0.202305231506/tools/bin/../lib/gcc/arm-none-eabi/11.3.1/thumb/v7e-m+fp/hard/crti.o
                0x0000000008005b3c                _fini
 .fini          0x0000000008005b40        0x8 D:/STM32CubeIDE_1.13.1/STM32CubeIDE/plugins/com.st.stm32cube.ide.mcu.externaltools.gnu-tools-for-stm32.11.3.rel1.win32_1.1.0.202305231506/tools/bin/../lib/gcc/arm-none-eabi/11.3.1/thumb/v7e-m+fp/hard/crtn.o
                0x0000000008005b48                . = ALIGN (0x4)
                0x0000000008005b48                _etext = .

.vfp11_veneer   0x0000000008005b48        0x0
 .vfp11_veneer  0x0000000008005b48        0x0 linker stubs

.v4_bx          0x0000000008005b48        0x0
 .v4_bx         0x0000000008005b48        0x0 linker stubs

.iplt           0x0000000008005b48        0x0
 .iplt          0x0000000008005b48        0x0 D:/STM32CubeIDE_1.13.1/STM32CubeIDE/plugins/com.st.stm32cube.ide.mcu.externaltools.gnu-tools-for-stm32.11.3.rel1.win32_1.1.0.202305231506/tools/bin/../lib/gcc/arm-none-eabi/11.3.1/thumb/v7e-m+fp/hard/crtbegin.o

.rodata         0x0000000008005b48      0x654
                0x0000000008005b48                . = ALIGN (0x4)
 *(.rodata)
 .rodata        0x0000000008005b48       0x31 ./Src/main.o
 *fill*         0x0000000008005b79        0x3 
 .rodata        0x0000000008005b7c        0xf C:\Users\ductm\Downloads\SDK_1.0.3_NUCLEO-F401RE\lib_stm\libLibraries.a(ucg_font.o)
 *(.rodata*)
 *fill*         0x0000000008005b8b        0x1 
 .rodata.ucg_st7735_set_pos_seq
                0x0000000008005b8c       0x1e C:\Users\ductm\Downloads\SDK_1.0.3_NUCLEO-F401RE\lib_stm\libLibraries.a(ucg_dev_ic_st7735.o)
                0x0000000008005b8c                ucg_st7735_set_pos_seq
 *fill*         0x0000000008005baa        0x2 
 .rodata.ucg_st7735_set_pos_dir0_seq
                0x0000000008005bac       0x1e C:\Users\ductm\Downloads\SDK_1.0.3_NUCLEO-F401RE\lib_stm\libLibraries.a(ucg_dev_ic_st7735.o)
                0x0000000008005bac                ucg_st7735_set_pos_dir0_seq
 *fill*         0x0000000008005bca        0x2 
 .rodata.ucg_st7735_set_pos_dir1_seq
                0x0000000008005bcc       0x21 C:\Users\ductm\Downloads\SDK_1.0.3_NUCLEO-F401RE\lib_stm\libLibraries.a(ucg_dev_ic_st7735.o)
                0x0000000008005bcc                ucg_st7735_set_pos_dir1_seq
 *fill*         0x0000000008005bed        0x3 
 .rodata.ucg_st7735_set_pos_dir2_seq
                0x0000000008005bf0       0x21 C:\Users\ductm\Downloads\SDK_1.0.3_NUCLEO-F401RE\lib_stm\libLibraries.a(ucg_dev_ic_st7735.o)
                0x0000000008005bf0                ucg_st7735_set_pos_dir2_seq
 *fill*         0x0000000008005c11        0x3 
 .rodata.ucg_st7735_set_pos_dir3_seq
                0x0000000008005c14       0x24 C:\Users\ductm\Downloads\SDK_1.0.3_NUCLEO-F401RE\lib_stm\libLibraries.a(ucg_dev_ic_st7735.o)
                0x0000000008005c14                ucg_st7735_set_pos_dir3_seq
 .rodata.ucg_st7735_power_down_seq
                0x0000000008005c38        0x7 C:\Users\ductm\Downloads\SDK_1.0.3_NUCLEO-F401RE\lib_stm\libLibraries.a(ucg_dev_ic_st7735.o)
 *fill*         0x0000000008005c3f        0x1 
 .rodata.ucg_tft_128x160_st7735_init_seq
                0x0000000008005c40       0x2c C:\Users\ductm\Downloads\SDK_1.0.3_NUCLEO-F401RE\lib_stm\libLibraries.a(ucg_dev_tft_128x128_st7735.o)
 .rodata.ucg_font_ncenR08_hr
                0x0000000008005c6c      0x4fd C:\Users\ductm\Downloads\SDK_1.0.3_NUCLEO-F401RE\lib_stm\libLibraries.a(ucg_pixel_font_data.o)
                0x0000000008005c6c                ucg_font_ncenR08_hr
 .rodata._svfprintf_r.str1.1
                0x0000000008006169       0x11 D:/STM32CubeIDE_1.13.1/STM32CubeIDE/plugins/com.st.stm32cube.ide.mcu.externaltools.gnu-tools-for-stm32.11.3.rel1.win32_1.1.0.202305231506/tools/bin/../lib/gcc/arm-none-eabi/11.3.1/../../../../arm-none-eabi/lib/thumb/v7e-m+fp/hard\libc_nano.a(libc_a-nano-svfprintf.o)
 .rodata._printf_i.str1.1
                0x000000000800617a       0x22 D:/STM32CubeIDE_1.13.1/STM32CubeIDE/plugins/com.st.stm32cube.ide.mcu.externaltools.gnu-tools-for-stm32.11.3.rel1.win32_1.1.0.202305231506/tools/bin/../lib/gcc/arm-none-eabi/11.3.1/../../../../arm-none-eabi/lib/thumb/v7e-m+fp/hard\libc_nano.a(libc_a-nano-vfprintf_i.o)
                0x000000000800619c                . = ALIGN (0x4)

.rel.dyn        0x000000000800619c        0x0
 .rel.iplt      0x000000000800619c        0x0 D:/STM32CubeIDE_1.13.1/STM32CubeIDE/plugins/com.st.stm32cube.ide.mcu.externaltools.gnu-tools-for-stm32.11.3.rel1.win32_1.1.0.202305231506/tools/bin/../lib/gcc/arm-none-eabi/11.3.1/thumb/v7e-m+fp/hard/crtbegin.o

.ARM.extab      0x000000000800619c        0x0
                0x000000000800619c                . = ALIGN (0x4)
 *(.ARM.extab* .gnu.linkonce.armextab.*)
                0x000000000800619c                . = ALIGN (0x4)

.ARM            0x000000000800619c        0x0
                0x000000000800619c                . = ALIGN (0x4)
                0x000000000800619c                __exidx_start = .
 *(.ARM.exidx*)
                0x000000000800619c                __exidx_end = .
                0x000000000800619c                . = ALIGN (0x4)

.preinit_array  0x000000000800619c        0x0
                0x000000000800619c                . = ALIGN (0x4)
                0x000000000800619c                PROVIDE (__preinit_array_start = .)
 *(.preinit_array*)
                0x000000000800619c                PROVIDE (__preinit_array_end = .)
                0x000000000800619c                . = ALIGN (0x4)

.init_array     0x000000000800619c        0x4
                0x000000000800619c                . = ALIGN (0x4)
                0x000000000800619c                PROVIDE (__init_array_start = .)
 *(SORT_BY_NAME(.init_array.*))
 *(.init_array*)
 .init_array    0x000000000800619c        0x4 D:/STM32CubeIDE_1.13.1/STM32CubeIDE/plugins/com.st.stm32cube.ide.mcu.externaltools.gnu-tools-for-stm32.11.3.rel1.win32_1.1.0.202305231506/tools/bin/../lib/gcc/arm-none-eabi/11.3.1/thumb/v7e-m+fp/hard/crtbegin.o
                0x00000000080061a0                PROVIDE (__init_array_end = .)
                0x00000000080061a0                . = ALIGN (0x4)

.fini_array     0x00000000080061a0        0x4
                0x00000000080061a0                . = ALIGN (0x4)
                [!provide]                        PROVIDE (__fini_array_start = .)
 *(SORT_BY_NAME(.fini_array.*))
 *(.fini_array*)
 .fini_array    0x00000000080061a0        0x4 D:/STM32CubeIDE_1.13.1/STM32CubeIDE/plugins/com.st.stm32cube.ide.mcu.externaltools.gnu-tools-for-stm32.11.3.rel1.win32_1.1.0.202305231506/tools/bin/../lib/gcc/arm-none-eabi/11.3.1/thumb/v7e-m+fp/hard/crtbegin.o
                [!provide]                        PROVIDE (__fini_array_end = .)
                0x00000000080061a4                . = ALIGN (0x4)
                0x00000000080061a4                _sidata = LOADADDR (.data)

.data           0x0000000020000000      0x5e8 load address 0x00000000080061a4
                0x0000000020000000                . = ALIGN (0x4)
                0x0000000020000000                _sdata = .
 *(.data)
 *(.data*)
 .data.APBAHBPrescTable
                0x0000000020000000       0x10 ./SDK_1.0.3_NUCLEO-F401RE/shared/Drivers/STM32F401RE_StdPeriph_Driver/src/stm32f401re_rcc.o
 .data.x_axis   0x0000000020000010        0x4 ./Src/main.o
 .data.idTimer  0x0000000020000014        0x4 ./Src/main.o
 .data.size     0x0000000020000018        0x4 ./Src/main.o
 .data.currentX
                0x000000002000001c        0x4 ./Src/main.o
 .data.currentY
                0x0000000020000020        0x4 ./Src/main.o
 .data.currentRotation
                0x0000000020000024        0x4 ./Src/main.o
 .data.block    0x0000000020000028        0x4 ./Src/main.o
                0x0000000020000028                block
 .data.block_T1
                0x000000002000002c       0x40 ./Src/main.o
 .data.block_T2
                0x000000002000006c       0x40 ./Src/main.o
 .data.block_T3
                0x00000000200000ac       0x40 ./Src/main.o
 .data.block_T4
                0x00000000200000ec       0x40 ./Src/main.o
 .data.block_J1
                0x000000002000012c       0x40 ./Src/main.o
 .data.block_J2
                0x000000002000016c       0x40 ./Src/main.o
 .data.block_J3
                0x00000000200001ac       0x40 ./Src/main.o
 .data.block_J4
                0x00000000200001ec       0x40 ./Src/main.o
 .data.block_L1
                0x000000002000022c       0x40 ./Src/main.o
 .data.block_L2
                0x000000002000026c       0x40 ./Src/main.o
 .data.block_L3
                0x00000000200002ac       0x40 ./Src/main.o
 .data.block_L4
                0x00000000200002ec       0x40 ./Src/main.o
 .data.block_Z1
                0x000000002000032c       0x40 ./Src/main.o
 .data.block_Z2
                0x000000002000036c       0x40 ./Src/main.o
 .data.block_Z3
                0x00000000200003ac       0x40 ./Src/main.o
 .data.block_Z4
                0x00000000200003ec       0x40 ./Src/main.o
 .data.block_I1
                0x000000002000042c       0x40 ./Src/main.o
 .data.block_I2
                0x000000002000046c       0x40 ./Src/main.o
 .data.block_O  0x00000000200004ac       0x40 ./Src/main.o
 .data.blockTypes
                0x00000000200004ec       0x4c ./Src/main.o
                0x00000000200004ec                blockTypes
 .data.block_T  0x0000000020000538       0x10 ./Src/main.o
                0x0000000020000538                block_T
 .data.block_J  0x0000000020000548       0x10 ./Src/main.o
                0x0000000020000548                block_J
 .data.block_Z  0x0000000020000558       0x10 ./Src/main.o
                0x0000000020000558                block_Z
 .data.block_L  0x0000000020000568       0x10 ./Src/main.o
                0x0000000020000568                block_L
 .data.block_I  0x0000000020000578        0x8 ./Src/main.o
                0x0000000020000578                block_I
 .data.SystemCoreClock
                0x0000000020000580        0x4 C:\Users\ductm\Downloads\SDK_1.0.3_NUCLEO-F401RE\lib_stm\libLibraries.a(system_stm32f4xx.o)
                0x0000000020000580                SystemCoreClock
 .data.AHBPrescTable
                0x0000000020000584       0x10 C:\Users\ductm\Downloads\SDK_1.0.3_NUCLEO-F401RE\lib_stm\libLibraries.a(system_stm32f4xx.o)
                0x0000000020000584                AHBPrescTable
 .data.idTaskScanDecodeLen
                0x0000000020000594        0x1 C:\Users\ductm\Downloads\SDK_1.0.3_NUCLEO-F401RE\lib_stm\libLibraries.a(ucg_font.o)
 *fill*         0x0000000020000595        0x3 
 .data._impure_data
                0x0000000020000598       0x4c D:/STM32CubeIDE_1.13.1/STM32CubeIDE/plugins/com.st.stm32cube.ide.mcu.externaltools.gnu-tools-for-stm32.11.3.rel1.win32_1.1.0.202305231506/tools/bin/../lib/gcc/arm-none-eabi/11.3.1/../../../../arm-none-eabi/lib/thumb/v7e-m+fp/hard\libc_nano.a(libc_a-impure.o)
                0x0000000020000598                _impure_data
 .data._impure_ptr
                0x00000000200005e4        0x4 D:/STM32CubeIDE_1.13.1/STM32CubeIDE/plugins/com.st.stm32cube.ide.mcu.externaltools.gnu-tools-for-stm32.11.3.rel1.win32_1.1.0.202305231506/tools/bin/../lib/gcc/arm-none-eabi/11.3.1/../../../../arm-none-eabi/lib/thumb/v7e-m+fp/hard\libc_nano.a(libc_a-impure.o)
                0x00000000200005e4                _impure_ptr
 *(.RamFunc)
 *(.RamFunc*)
                0x00000000200005e8                . = ALIGN (0x4)
                0x00000000200005e8                _edata = .

.igot.plt       0x00000000200005e8        0x0 load address 0x000000000800678c
 .igot.plt      0x00000000200005e8        0x0 D:/STM32CubeIDE_1.13.1/STM32CubeIDE/plugins/com.st.stm32cube.ide.mcu.externaltools.gnu-tools-for-stm32.11.3.rel1.win32_1.1.0.202305231506/tools/bin/../lib/gcc/arm-none-eabi/11.3.1/thumb/v7e-m+fp/hard/crtbegin.o
                0x00000000200005e8                . = ALIGN (0x4)

.bss            0x00000000200005e8     0x18ec load address 0x000000000800678c
                0x00000000200005e8                _sbss = .
                0x00000000200005e8                __bss_start__ = _sbss
 *(.bss)
 .bss           0x00000000200005e8       0x1c D:/STM32CubeIDE_1.13.1/STM32CubeIDE/plugins/com.st.stm32cube.ide.mcu.externaltools.gnu-tools-for-stm32.11.3.rel1.win32_1.1.0.202305231506/tools/bin/../lib/gcc/arm-none-eabi/11.3.1/thumb/v7e-m+fp/hard/crtbegin.o
 *(.bss*)
 .bss.ucg       0x0000000020000604       0xb4 ./Src/main.o
                0x0000000020000604                ucg
 .bss.checkRow  0x00000000200006b8        0x4 ./Src/main.o
                0x00000000200006b8                checkRow
 .bss.screen    0x00000000200006bc      0x480 ./Src/main.o
 .bss.str1      0x0000000020000b3c        0xa ./Src/main.o
 *fill*         0x0000000020000b46        0x2 
 .bss.currentBlock
                0x0000000020000b48       0x40 ./Src/main.o
                0x0000000020000b48                currentBlock
 .bss.nextBlock
                0x0000000020000b88       0x40 ./Src/main.o
                0x0000000020000b88                nextBlock
 .bss.blockIndex
                0x0000000020000bc8        0x4 ./Src/main.o
                0x0000000020000bc8                blockIndex
 .bss.score     0x0000000020000bcc        0x4 ./Src/main.o
 .bss.maxx      0x0000000020000bd0        0x4 ./Src/main.o
 .bss.minx      0x0000000020000bd4        0x4 ./Src/main.o
 .bss.__sbrk_heap_end
                0x0000000020000bd8        0x4 ./Src/sysmem.o
 .bss.g_pTimerHandle
                0x0000000020000bdc      0x180 C:\Users\ductm\Downloads\SDK_1.0.3_NUCLEO-F401RE\lib_stm\libLibraries.a(timer.o)
 .bss.g_wMilSecTickTimer
                0x0000000020000d5c        0x4 C:\Users\ductm\Downloads\SDK_1.0.3_NUCLEO-F401RE\lib_stm\libLibraries.a(timer.o)
 .bss.uhADCConvertedValue
                0x0000000020000d60        0x2 C:\Users\ductm\Downloads\SDK_1.0.3_NUCLEO-F401RE\lib_stm\libLibraries.a(lightsensor.o)
 *fill*         0x0000000020000d62        0x2 
 .bss.g_pUartQueueRx
                0x0000000020000d64        0x8 C:\Users\ductm\Downloads\SDK_1.0.3_NUCLEO-F401RE\lib_stm\libLibraries.a(serial.o)
 .bss.fontQueue
                0x0000000020000d6c       0x10 C:\Users\ductm\Downloads\SDK_1.0.3_NUCLEO-F401RE\lib_stm\libLibraries.a(ucg_font.o)
 .bss.pQueueFont
                0x0000000020000d7c     0x1000 C:\Users\ductm\Downloads\SDK_1.0.3_NUCLEO-F401RE\lib_stm\libLibraries.a(ucg_font.o)
 .bss.next.7562
                0x0000000020001d7c        0x1 C:\Users\ductm\Downloads\SDK_1.0.3_NUCLEO-F401RE\lib_stm\libLibraries.a(ucg_font.o)
 *fill*         0x0000000020001d7d        0x3 
 .bss.__sf      0x0000000020001d80      0x138 D:/STM32CubeIDE_1.13.1/STM32CubeIDE/plugins/com.st.stm32cube.ide.mcu.externaltools.gnu-tools-for-stm32.11.3.rel1.win32_1.1.0.202305231506/tools/bin/../lib/gcc/arm-none-eabi/11.3.1/../../../../arm-none-eabi/lib/thumb/v7e-m+fp/hard\libc_nano.a(libc_a-findfp.o)
                0x0000000020001d80                __sf
 .bss.errno     0x0000000020001eb8        0x4 D:/STM32CubeIDE_1.13.1/STM32CubeIDE/plugins/com.st.stm32cube.ide.mcu.externaltools.gnu-tools-for-stm32.11.3.rel1.win32_1.1.0.202305231506/tools/bin/../lib/gcc/arm-none-eabi/11.3.1/../../../../arm-none-eabi/lib/thumb/v7e-m+fp/hard\libc_nano.a(libc_a-reent.o)
                0x0000000020001eb8                errno
 .bss.__lock___malloc_recursive_mutex
                0x0000000020001ebc        0x1 D:/STM32CubeIDE_1.13.1/STM32CubeIDE/plugins/com.st.stm32cube.ide.mcu.externaltools.gnu-tools-for-stm32.11.3.rel1.win32_1.1.0.202305231506/tools/bin/../lib/gcc/arm-none-eabi/11.3.1/../../../../arm-none-eabi/lib/thumb/v7e-m+fp/hard\libc_nano.a(libc_a-lock.o)
                0x0000000020001ebc                __lock___malloc_recursive_mutex
 *fill*         0x0000000020001ebd        0x3 
 .bss.__malloc_free_list
                0x0000000020001ec0        0x4 D:/STM32CubeIDE_1.13.1/STM32CubeIDE/plugins/com.st.stm32cube.ide.mcu.externaltools.gnu-tools-for-stm32.11.3.rel1.win32_1.1.0.202305231506/tools/bin/../lib/gcc/arm-none-eabi/11.3.1/../../../../arm-none-eabi/lib/thumb/v7e-m+fp/hard\libc_nano.a(libc_a-mallocr.o)
                0x0000000020001ec0                __malloc_free_list
 .bss.__malloc_sbrk_start
                0x0000000020001ec4        0x4 D:/STM32CubeIDE_1.13.1/STM32CubeIDE/plugins/com.st.stm32cube.ide.mcu.externaltools.gnu-tools-for-stm32.11.3.rel1.win32_1.1.0.202305231506/tools/bin/../lib/gcc/arm-none-eabi/11.3.1/../../../../arm-none-eabi/lib/thumb/v7e-m+fp/hard\libc_nano.a(libc_a-mallocr.o)
                0x0000000020001ec4                __malloc_sbrk_start
 *(COMMON)
 COMMON         0x0000000020001ec8        0xc C:\Users\ductm\Downloads\SDK_1.0.3_NUCLEO-F401RE\lib_stm\libLibraries.a(ucg_font.o)
                0x0000000020001ec8                ucg_draw_str
                0x0000000020001ed4                . = ALIGN (0x4)
                0x0000000020001ed4                _ebss = .
                0x0000000020001ed4                __bss_end__ = _ebss

._user_heap_stack
                0x0000000020001ed4      0x604 load address 0x000000000800678c
                0x0000000020001ed8                . = ALIGN (0x8)
 *fill*         0x0000000020001ed4        0x4 
                [!provide]                        PROVIDE (end = .)
                0x0000000020001ed8                PROVIDE (_end = .)
                0x00000000200020d8                . = (. + _Min_Heap_Size)
 *fill*         0x0000000020001ed8      0x200 
                0x00000000200024d8                . = (. + _Min_Stack_Size)
 *fill*         0x00000000200020d8      0x400 
                0x00000000200024d8                . = ALIGN (0x8)

/DISCARD/
 libc.a(*)
 libm.a(*)
 libgcc.a(*)

.ARM.attributes
                0x0000000000000000       0x30
 *(.ARM.attributes)
 .ARM.attributes
                0x0000000000000000       0x1e D:/STM32CubeIDE_1.13.1/STM32CubeIDE/plugins/com.st.stm32cube.ide.mcu.externaltools.gnu-tools-for-stm32.11.3.rel1.win32_1.1.0.202305231506/tools/bin/../lib/gcc/arm-none-eabi/11.3.1/thumb/v7e-m+fp/hard/crti.o
 .ARM.attributes
                0x000000000000001e       0x34 D:/STM32CubeIDE_1.13.1/STM32CubeIDE/plugins/com.st.stm32cube.ide.mcu.externaltools.gnu-tools-for-stm32.11.3.rel1.win32_1.1.0.202305231506/tools/bin/../lib/gcc/arm-none-eabi/11.3.1/thumb/v7e-m+fp/hard/crtbegin.o
 .ARM.attributes
                0x0000000000000052       0x34 ./SDK_1.0.3_NUCLEO-F401RE/shared/Drivers/STM32F401RE_StdPeriph_Driver/src/misc.o
 .ARM.attributes
                0x0000000000000086       0x34 ./SDK_1.0.3_NUCLEO-F401RE/shared/Drivers/STM32F401RE_StdPeriph_Driver/src/stm32f401re_adc.o
 .ARM.attributes
                0x00000000000000ba       0x34 ./SDK_1.0.3_NUCLEO-F401RE/shared/Drivers/STM32F401RE_StdPeriph_Driver/src/stm32f401re_exti.o
 .ARM.attributes
                0x00000000000000ee       0x34 ./SDK_1.0.3_NUCLEO-F401RE/shared/Drivers/STM32F401RE_StdPeriph_Driver/src/stm32f401re_gpio.o
 .ARM.attributes
                0x0000000000000122       0x34 ./SDK_1.0.3_NUCLEO-F401RE/shared/Drivers/STM32F401RE_StdPeriph_Driver/src/stm32f401re_rcc.o
 .ARM.attributes
                0x0000000000000156       0x34 ./SDK_1.0.3_NUCLEO-F401RE/shared/Drivers/STM32F401RE_StdPeriph_Driver/src/stm32f401re_syscfg.o
 .ARM.attributes
                0x000000000000018a       0x34 ./SDK_1.0.3_NUCLEO-F401RE/shared/Drivers/STM32F401RE_StdPeriph_Driver/src/stm32f401re_usart.o
 .ARM.attributes
                0x00000000000001be       0x34 ./Src/main.o
 .ARM.attributes
                0x00000000000001f2       0x34 ./Src/sysmem.o
 .ARM.attributes
                0x0000000000000226       0x21 ./Startup/startup_stm32f401retx.o
 .ARM.attributes
                0x0000000000000247       0x39 C:\Users\ductm\Downloads\SDK_1.0.3_NUCLEO-F401RE\lib_stm\libLibraries.a(system_stm32f4xx.o)
 .ARM.attributes
                0x0000000000000280       0x39 C:\Users\ductm\Downloads\SDK_1.0.3_NUCLEO-F401RE\lib_stm\libLibraries.a(timer.o)
 .ARM.attributes
                0x00000000000002b9       0x39 C:\Users\ductm\Downloads\SDK_1.0.3_NUCLEO-F401RE\lib_stm\libLibraries.a(lightsensor.o)
 .ARM.attributes
                0x00000000000002f2       0x39 C:\Users\ductm\Downloads\SDK_1.0.3_NUCLEO-F401RE\lib_stm\libLibraries.a(serial.o)
 .ARM.attributes
                0x000000000000032b       0x39 C:\Users\ductm\Downloads\SDK_1.0.3_NUCLEO-F401RE\lib_stm\libLibraries.a(Ucglib.o)
 .ARM.attributes
                0x0000000000000364       0x39 C:\Users\ductm\Downloads\SDK_1.0.3_NUCLEO-F401RE\lib_stm\libLibraries.a(ucg_box.o)
 .ARM.attributes
                0x000000000000039d       0x39 C:\Users\ductm\Downloads\SDK_1.0.3_NUCLEO-F401RE\lib_stm\libLibraries.a(ucg_ccs.o)
 .ARM.attributes
                0x00000000000003d6       0x39 C:\Users\ductm\Downloads\SDK_1.0.3_NUCLEO-F401RE\lib_stm\libLibraries.a(ucg_dev_default_cb.o)
 .ARM.attributes
                0x000000000000040f       0x39 C:\Users\ductm\Downloads\SDK_1.0.3_NUCLEO-F401RE\lib_stm\libLibraries.a(ucg_dev_ic_st7735.o)
 .ARM.attributes
                0x0000000000000448       0x39 C:\Users\ductm\Downloads\SDK_1.0.3_NUCLEO-F401RE\lib_stm\libLibraries.a(ucg_dev_msg_api.o)
 .ARM.attributes
                0x0000000000000481       0x39 C:\Users\ductm\Downloads\SDK_1.0.3_NUCLEO-F401RE\lib_stm\libLibraries.a(ucg_dev_tft_128x128_st7735.o)
 .ARM.attributes
                0x00000000000004ba       0x39 C:\Users\ductm\Downloads\SDK_1.0.3_NUCLEO-F401RE\lib_stm\libLibraries.a(ucg_font.o)
 .ARM.attributes
                0x00000000000004f3       0x39 C:\Users\ductm\Downloads\SDK_1.0.3_NUCLEO-F401RE\lib_stm\libLibraries.a(ucg_init.o)
 .ARM.attributes
                0x000000000000052c       0x39 C:\Users\ductm\Downloads\SDK_1.0.3_NUCLEO-F401RE\lib_stm\libLibraries.a(ucg_line.o)
 .ARM.attributes
                0x0000000000000565       0x39 C:\Users\ductm\Downloads\SDK_1.0.3_NUCLEO-F401RE\lib_stm\libLibraries.a(ucg_pixel.o)
 .ARM.attributes
                0x000000000000059e       0x39 C:\Users\ductm\Downloads\SDK_1.0.3_NUCLEO-F401RE\lib_stm\libLibraries.a(ucg_pixel_font_data.o)
 .ARM.attributes
                0x00000000000005d7       0x39 C:\Users\ductm\Downloads\SDK_1.0.3_NUCLEO-F401RE\lib_stm\libLibraries.a(ucg_rotate.o)
 .ARM.attributes
                0x0000000000000610       0x39 C:\Users\ductm\Downloads\SDK_1.0.3_NUCLEO-F401RE\lib_stm\libLibraries.a(buff.o)
 .ARM.attributes
                0x0000000000000649       0x39 C:\Users\ductm\Downloads\SDK_1.0.3_NUCLEO-F401RE\lib_stm\libLibraries.a(utilities.o)
 .ARM.attributes
                0x0000000000000682       0x39 C:\Users\ductm\Downloads\SDK_1.0.3_NUCLEO-F401RE\lib_stm\libLibraries.a(stm32f401re_dma.o)
 .ARM.attributes
                0x00000000000006bb       0x39 C:\Users\ductm\Downloads\SDK_1.0.3_NUCLEO-F401RE\lib_stm\libLibraries.a(ucg_clip.o)
 .ARM.attributes
                0x00000000000006f4       0x39 C:\Users\ductm\Downloads\SDK_1.0.3_NUCLEO-F401RE\lib_stm\libLibraries.a(ucg_com_msg_api.o)
 .ARM.attributes
                0x000000000000072d       0x34 D:/STM32CubeIDE_1.13.1/STM32CubeIDE/plugins/com.st.stm32cube.ide.mcu.externaltools.gnu-tools-for-stm32.11.3.rel1.win32_1.1.0.202305231506/tools/bin/../lib/gcc/arm-none-eabi/11.3.1/../../../../arm-none-eabi/lib/thumb/v7e-m+fp/hard\libc_nano.a(libc_a-findfp.o)
 .ARM.attributes
                0x0000000000000761       0x34 D:/STM32CubeIDE_1.13.1/STM32CubeIDE/plugins/com.st.stm32cube.ide.mcu.externaltools.gnu-tools-for-stm32.11.3.rel1.win32_1.1.0.202305231506/tools/bin/../lib/gcc/arm-none-eabi/11.3.1/../../../../arm-none-eabi/lib/thumb/v7e-m+fp/hard\libc_nano.a(libc_a-sprintf.o)
 .ARM.attributes
                0x0000000000000795       0x34 D:/STM32CubeIDE_1.13.1/STM32CubeIDE/plugins/com.st.stm32cube.ide.mcu.externaltools.gnu-tools-for-stm32.11.3.rel1.win32_1.1.0.202305231506/tools/bin/../lib/gcc/arm-none-eabi/11.3.1/../../../../arm-none-eabi/lib/thumb/v7e-m+fp/hard\libc_nano.a(libc_a-memset.o)
 .ARM.attributes
                0x00000000000007c9       0x34 D:/STM32CubeIDE_1.13.1/STM32CubeIDE/plugins/com.st.stm32cube.ide.mcu.externaltools.gnu-tools-for-stm32.11.3.rel1.win32_1.1.0.202305231506/tools/bin/../lib/gcc/arm-none-eabi/11.3.1/../../../../arm-none-eabi/lib/thumb/v7e-m+fp/hard\libc_nano.a(libc_a-reent.o)
 .ARM.attributes
                0x00000000000007fd       0x34 D:/STM32CubeIDE_1.13.1/STM32CubeIDE/plugins/com.st.stm32cube.ide.mcu.externaltools.gnu-tools-for-stm32.11.3.rel1.win32_1.1.0.202305231506/tools/bin/../lib/gcc/arm-none-eabi/11.3.1/../../../../arm-none-eabi/lib/thumb/v7e-m+fp/hard\libc_nano.a(libc_a-impure.o)
 .ARM.attributes
                0x0000000000000831       0x34 D:/STM32CubeIDE_1.13.1/STM32CubeIDE/plugins/com.st.stm32cube.ide.mcu.externaltools.gnu-tools-for-stm32.11.3.rel1.win32_1.1.0.202305231506/tools/bin/../lib/gcc/arm-none-eabi/11.3.1/../../../../arm-none-eabi/lib/thumb/v7e-m+fp/hard\libc_nano.a(libc_a-errno.o)
 .ARM.attributes
                0x0000000000000865       0x34 D:/STM32CubeIDE_1.13.1/STM32CubeIDE/plugins/com.st.stm32cube.ide.mcu.externaltools.gnu-tools-for-stm32.11.3.rel1.win32_1.1.0.202305231506/tools/bin/../lib/gcc/arm-none-eabi/11.3.1/../../../../arm-none-eabi/lib/thumb/v7e-m+fp/hard\libc_nano.a(libc_a-init.o)
 .ARM.attributes
                0x0000000000000899       0x34 D:/STM32CubeIDE_1.13.1/STM32CubeIDE/plugins/com.st.stm32cube.ide.mcu.externaltools.gnu-tools-for-stm32.11.3.rel1.win32_1.1.0.202305231506/tools/bin/../lib/gcc/arm-none-eabi/11.3.1/../../../../arm-none-eabi/lib/thumb/v7e-m+fp/hard\libc_nano.a(libc_a-lock.o)
 .ARM.attributes
                0x00000000000008cd       0x34 D:/STM32CubeIDE_1.13.1/STM32CubeIDE/plugins/com.st.stm32cube.ide.mcu.externaltools.gnu-tools-for-stm32.11.3.rel1.win32_1.1.0.202305231506/tools/bin/../lib/gcc/arm-none-eabi/11.3.1/../../../../arm-none-eabi/lib/thumb/v7e-m+fp/hard\libc_nano.a(libc_a-freer.o)
 .ARM.attributes
                0x0000000000000901       0x34 D:/STM32CubeIDE_1.13.1/STM32CubeIDE/plugins/com.st.stm32cube.ide.mcu.externaltools.gnu-tools-for-stm32.11.3.rel1.win32_1.1.0.202305231506/tools/bin/../lib/gcc/arm-none-eabi/11.3.1/../../../../arm-none-eabi/lib/thumb/v7e-m+fp/hard\libc_nano.a(libc_a-mallocr.o)
 .ARM.attributes
                0x0000000000000935       0x34 D:/STM32CubeIDE_1.13.1/STM32CubeIDE/plugins/com.st.stm32cube.ide.mcu.externaltools.gnu-tools-for-stm32.11.3.rel1.win32_1.1.0.202305231506/tools/bin/../lib/gcc/arm-none-eabi/11.3.1/../../../../arm-none-eabi/lib/thumb/v7e-m+fp/hard\libc_nano.a(libc_a-mlock.o)
 .ARM.attributes
                0x0000000000000969       0x34 D:/STM32CubeIDE_1.13.1/STM32CubeIDE/plugins/com.st.stm32cube.ide.mcu.externaltools.gnu-tools-for-stm32.11.3.rel1.win32_1.1.0.202305231506/tools/bin/../lib/gcc/arm-none-eabi/11.3.1/../../../../arm-none-eabi/lib/thumb/v7e-m+fp/hard\libc_nano.a(libc_a-nano-svfprintf.o)
 .ARM.attributes
                0x000000000000099d       0x34 D:/STM32CubeIDE_1.13.1/STM32CubeIDE/plugins/com.st.stm32cube.ide.mcu.externaltools.gnu-tools-for-stm32.11.3.rel1.win32_1.1.0.202305231506/tools/bin/../lib/gcc/arm-none-eabi/11.3.1/../../../../arm-none-eabi/lib/thumb/v7e-m+fp/hard\libc_nano.a(libc_a-nano-vfprintf_i.o)
 .ARM.attributes
                0x00000000000009d1       0x34 D:/STM32CubeIDE_1.13.1/STM32CubeIDE/plugins/com.st.stm32cube.ide.mcu.externaltools.gnu-tools-for-stm32.11.3.rel1.win32_1.1.0.202305231506/tools/bin/../lib/gcc/arm-none-eabi/11.3.1/../../../../arm-none-eabi/lib/thumb/v7e-m+fp/hard\libc_nano.a(libc_a-memmove.o)
 .ARM.attributes
                0x0000000000000a05       0x34 D:/STM32CubeIDE_1.13.1/STM32CubeIDE/plugins/com.st.stm32cube.ide.mcu.externaltools.gnu-tools-for-stm32.11.3.rel1.win32_1.1.0.202305231506/tools/bin/../lib/gcc/arm-none-eabi/11.3.1/../../../../arm-none-eabi/lib/thumb/v7e-m+fp/hard\libc_nano.a(libc_a-sbrkr.o)
 .ARM.attributes
                0x0000000000000a39       0x1c D:/STM32CubeIDE_1.13.1/STM32CubeIDE/plugins/com.st.stm32cube.ide.mcu.externaltools.gnu-tools-for-stm32.11.3.rel1.win32_1.1.0.202305231506/tools/bin/../lib/gcc/arm-none-eabi/11.3.1/../../../../arm-none-eabi/lib/thumb/v7e-m+fp/hard\libc_nano.a(libc_a-memchr.o)
 .ARM.attributes
                0x0000000000000a55       0x34 D:/STM32CubeIDE_1.13.1/STM32CubeIDE/plugins/com.st.stm32cube.ide.mcu.externaltools.gnu-tools-for-stm32.11.3.rel1.win32_1.1.0.202305231506/tools/bin/../lib/gcc/arm-none-eabi/11.3.1/../../../../arm-none-eabi/lib/thumb/v7e-m+fp/hard\libc_nano.a(libc_a-memcpy-stub.o)
 .ARM.attributes
                0x0000000000000a89       0x34 D:/STM32CubeIDE_1.13.1/STM32CubeIDE/plugins/com.st.stm32cube.ide.mcu.externaltools.gnu-tools-for-stm32.11.3.rel1.win32_1.1.0.202305231506/tools/bin/../lib/gcc/arm-none-eabi/11.3.1/../../../../arm-none-eabi/lib/thumb/v7e-m+fp/hard\libc_nano.a(libc_a-reallocr.o)
 .ARM.attributes
                0x0000000000000abd       0x34 D:/STM32CubeIDE_1.13.1/STM32CubeIDE/plugins/com.st.stm32cube.ide.mcu.externaltools.gnu-tools-for-stm32.11.3.rel1.win32_1.1.0.202305231506/tools/bin/../lib/gcc/arm-none-eabi/11.3.1/../../../../arm-none-eabi/lib/thumb/v7e-m+fp/hard\libc_nano.a(libc_a-msizer.o)
 .ARM.attributes
                0x0000000000000af1       0x1e D:/STM32CubeIDE_1.13.1/STM32CubeIDE/plugins/com.st.stm32cube.ide.mcu.externaltools.gnu-tools-for-stm32.11.3.rel1.win32_1.1.0.202305231506/tools/bin/../lib/gcc/arm-none-eabi/11.3.1/thumb/v7e-m+fp/hard/crtn.o
OUTPUT(STM32_Project_Game.elf elf32-littlearm)
LOAD linker stubs
LOAD D:/STM32CubeIDE_1.13.1/STM32CubeIDE/plugins/com.st.stm32cube.ide.mcu.externaltools.gnu-tools-for-stm32.11.3.rel1.win32_1.1.0.202305231506/tools/bin/../lib/gcc/arm-none-eabi/11.3.1/../../../../arm-none-eabi/lib/thumb/v7e-m+fp/hard\libc.a
LOAD D:/STM32CubeIDE_1.13.1/STM32CubeIDE/plugins/com.st.stm32cube.ide.mcu.externaltools.gnu-tools-for-stm32.11.3.rel1.win32_1.1.0.202305231506/tools/bin/../lib/gcc/arm-none-eabi/11.3.1/../../../../arm-none-eabi/lib/thumb/v7e-m+fp/hard\libm.a
LOAD D:/STM32CubeIDE_1.13.1/STM32CubeIDE/plugins/com.st.stm32cube.ide.mcu.externaltools.gnu-tools-for-stm32.11.3.rel1.win32_1.1.0.202305231506/tools/bin/../lib/gcc/arm-none-eabi/11.3.1/thumb/v7e-m+fp/hard\libgcc.a

.comment        0x0000000000000000       0xbe
 .comment       0x0000000000000000       0x43 D:/STM32CubeIDE_1.13.1/STM32CubeIDE/plugins/com.st.stm32cube.ide.mcu.externaltools.gnu-tools-for-stm32.11.3.rel1.win32_1.1.0.202305231506/tools/bin/../lib/gcc/arm-none-eabi/11.3.1/thumb/v7e-m+fp/hard/crtbegin.o
                                         0x44 (size before relaxing)
 .comment       0x0000000000000043       0x44 ./SDK_1.0.3_NUCLEO-F401RE/shared/Drivers/STM32F401RE_StdPeriph_Driver/src/misc.o
 .comment       0x0000000000000043       0x44 ./SDK_1.0.3_NUCLEO-F401RE/shared/Drivers/STM32F401RE_StdPeriph_Driver/src/stm32f401re_adc.o
 .comment       0x0000000000000043       0x44 ./SDK_1.0.3_NUCLEO-F401RE/shared/Drivers/STM32F401RE_StdPeriph_Driver/src/stm32f401re_exti.o
 .comment       0x0000000000000043       0x44 ./SDK_1.0.3_NUCLEO-F401RE/shared/Drivers/STM32F401RE_StdPeriph_Driver/src/stm32f401re_gpio.o
 .comment       0x0000000000000043       0x44 ./SDK_1.0.3_NUCLEO-F401RE/shared/Drivers/STM32F401RE_StdPeriph_Driver/src/stm32f401re_rcc.o
 .comment       0x0000000000000043       0x44 ./SDK_1.0.3_NUCLEO-F401RE/shared/Drivers/STM32F401RE_StdPeriph_Driver/src/stm32f401re_syscfg.o
 .comment       0x0000000000000043       0x44 ./SDK_1.0.3_NUCLEO-F401RE/shared/Drivers/STM32F401RE_StdPeriph_Driver/src/stm32f401re_usart.o
 .comment       0x0000000000000043       0x44 ./Src/main.o
 .comment       0x0000000000000043       0x44 ./Src/sysmem.o
 .comment       0x0000000000000043       0x7b C:\Users\ductm\Downloads\SDK_1.0.3_NUCLEO-F401RE\lib_stm\libLibraries.a(system_stm32f4xx.o)
                                         0x7c (size before relaxing)
 .comment       0x00000000000000be       0x7c C:\Users\ductm\Downloads\SDK_1.0.3_NUCLEO-F401RE\lib_stm\libLibraries.a(timer.o)
 .comment       0x00000000000000be       0x7c C:\Users\ductm\Downloads\SDK_1.0.3_NUCLEO-F401RE\lib_stm\libLibraries.a(lightsensor.o)
 .comment       0x00000000000000be       0x7c C:\Users\ductm\Downloads\SDK_1.0.3_NUCLEO-F401RE\lib_stm\libLibraries.a(serial.o)
 .comment       0x00000000000000be       0x7c C:\Users\ductm\Downloads\SDK_1.0.3_NUCLEO-F401RE\lib_stm\libLibraries.a(Ucglib.o)
 .comment       0x00000000000000be       0x7c C:\Users\ductm\Downloads\SDK_1.0.3_NUCLEO-F401RE\lib_stm\libLibraries.a(ucg_box.o)
 .comment       0x00000000000000be       0x7c C:\Users\ductm\Downloads\SDK_1.0.3_NUCLEO-F401RE\lib_stm\libLibraries.a(ucg_ccs.o)
 .comment       0x00000000000000be       0x7c C:\Users\ductm\Downloads\SDK_1.0.3_NUCLEO-F401RE\lib_stm\libLibraries.a(ucg_dev_default_cb.o)
 .comment       0x00000000000000be       0x7c C:\Users\ductm\Downloads\SDK_1.0.3_NUCLEO-F401RE\lib_stm\libLibraries.a(ucg_dev_ic_st7735.o)
 .comment       0x00000000000000be       0x7c C:\Users\ductm\Downloads\SDK_1.0.3_NUCLEO-F401RE\lib_stm\libLibraries.a(ucg_dev_msg_api.o)
 .comment       0x00000000000000be       0x7c C:\Users\ductm\Downloads\SDK_1.0.3_NUCLEO-F401RE\lib_stm\libLibraries.a(ucg_dev_tft_128x128_st7735.o)
 .comment       0x00000000000000be       0x7c C:\Users\ductm\Downloads\SDK_1.0.3_NUCLEO-F401RE\lib_stm\libLibraries.a(ucg_font.o)
 .comment       0x00000000000000be       0x7c C:\Users\ductm\Downloads\SDK_1.0.3_NUCLEO-F401RE\lib_stm\libLibraries.a(ucg_init.o)
 .comment       0x00000000000000be       0x7c C:\Users\ductm\Downloads\SDK_1.0.3_NUCLEO-F401RE\lib_stm\libLibraries.a(ucg_line.o)
 .comment       0x00000000000000be       0x7c C:\Users\ductm\Downloads\SDK_1.0.3_NUCLEO-F401RE\lib_stm\libLibraries.a(ucg_pixel.o)
 .comment       0x00000000000000be       0x7c C:\Users\ductm\Downloads\SDK_1.0.3_NUCLEO-F401RE\lib_stm\libLibraries.a(ucg_pixel_font_data.o)
 .comment       0x00000000000000be       0x7c C:\Users\ductm\Downloads\SDK_1.0.3_NUCLEO-F401RE\lib_stm\libLibraries.a(ucg_rotate.o)
 .comment       0x00000000000000be       0x7c C:\Users\ductm\Downloads\SDK_1.0.3_NUCLEO-F401RE\lib_stm\libLibraries.a(buff.o)
 .comment       0x00000000000000be       0x7c C:\Users\ductm\Downloads\SDK_1.0.3_NUCLEO-F401RE\lib_stm\libLibraries.a(utilities.o)
 .comment       0x00000000000000be       0x7c C:\Users\ductm\Downloads\SDK_1.0.3_NUCLEO-F401RE\lib_stm\libLibraries.a(stm32f401re_dma.o)
 .comment       0x00000000000000be       0x7c C:\Users\ductm\Downloads\SDK_1.0.3_NUCLEO-F401RE\lib_stm\libLibraries.a(ucg_clip.o)
 .comment       0x00000000000000be       0x7c C:\Users\ductm\Downloads\SDK_1.0.3_NUCLEO-F401RE\lib_stm\libLibraries.a(ucg_com_msg_api.o)

.debug_info     0x0000000000000000    0x3909f
 .debug_info    0x0000000000000000      0x4fa ./SDK_1.0.3_NUCLEO-F401RE/shared/Drivers/STM32F401RE_StdPeriph_Driver/src/misc.o
 .debug_info    0x00000000000004fa      0xc3e ./SDK_1.0.3_NUCLEO-F401RE/shared/Drivers/STM32F401RE_StdPeriph_Driver/src/stm32f401re_adc.o
 .debug_info    0x0000000000001138      0x2ef ./SDK_1.0.3_NUCLEO-F401RE/shared/Drivers/STM32F401RE_StdPeriph_Driver/src/stm32f401re_exti.o
 .debug_info    0x0000000000001427      0x590 ./SDK_1.0.3_NUCLEO-F401RE/shared/Drivers/STM32F401RE_StdPeriph_Driver/src/stm32f401re_gpio.o
 .debug_info    0x00000000000019b7      0xce0 ./SDK_1.0.3_NUCLEO-F401RE/shared/Drivers/STM32F401RE_StdPeriph_Driver/src/stm32f401re_rcc.o
 .debug_info    0x0000000000002697      0x265 ./SDK_1.0.3_NUCLEO-F401RE/shared/Drivers/STM32F401RE_StdPeriph_Driver/src/stm32f401re_syscfg.o
 .debug_info    0x00000000000028fc      0x9c2 ./SDK_1.0.3_NUCLEO-F401RE/shared/Drivers/STM32F401RE_StdPeriph_Driver/src/stm32f401re_usart.o
 .debug_info    0x00000000000032be     0x1c77 ./Src/main.o
 .debug_info    0x0000000000004f35      0x168 ./Src/sysmem.o
 .debug_info    0x000000000000509d       0x23 ./Startup/startup_stm32f401retx.o
 .debug_info    0x00000000000050c0      0x5bb C:\Users\ductm\Downloads\SDK_1.0.3_NUCLEO-F401RE\lib_stm\libLibraries.a(system_stm32f4xx.o)
 .debug_info    0x000000000000567b      0x922 C:\Users\ductm\Downloads\SDK_1.0.3_NUCLEO-F401RE\lib_stm\libLibraries.a(timer.o)
 .debug_info    0x0000000000005f9d      0x6ec C:\Users\ductm\Downloads\SDK_1.0.3_NUCLEO-F401RE\lib_stm\libLibraries.a(lightsensor.o)
 .debug_info    0x0000000000006689      0xb11 C:\Users\ductm\Downloads\SDK_1.0.3_NUCLEO-F401RE\lib_stm\libLibraries.a(serial.o)
 .debug_info    0x000000000000719a     0x333f C:\Users\ductm\Downloads\SDK_1.0.3_NUCLEO-F401RE\lib_stm\libLibraries.a(Ucglib.o)
 .debug_info    0x000000000000a4d9     0x329d C:\Users\ductm\Downloads\SDK_1.0.3_NUCLEO-F401RE\lib_stm\libLibraries.a(ucg_box.o)
 .debug_info    0x000000000000d776     0x2b08 C:\Users\ductm\Downloads\SDK_1.0.3_NUCLEO-F401RE\lib_stm\libLibraries.a(ucg_ccs.o)
 .debug_info    0x000000000001027e     0x324b C:\Users\ductm\Downloads\SDK_1.0.3_NUCLEO-F401RE\lib_stm\libLibraries.a(ucg_dev_default_cb.o)
 .debug_info    0x00000000000134c9     0x3272 C:\Users\ductm\Downloads\SDK_1.0.3_NUCLEO-F401RE\lib_stm\libLibraries.a(ucg_dev_ic_st7735.o)
 .debug_info    0x000000000001673b     0x3178 C:\Users\ductm\Downloads\SDK_1.0.3_NUCLEO-F401RE\lib_stm\libLibraries.a(ucg_dev_msg_api.o)
 .debug_info    0x00000000000198b3     0x303e C:\Users\ductm\Downloads\SDK_1.0.3_NUCLEO-F401RE\lib_stm\libLibraries.a(ucg_dev_tft_128x128_st7735.o)
 .debug_info    0x000000000001c8f1     0x43ab C:\Users\ductm\Downloads\SDK_1.0.3_NUCLEO-F401RE\lib_stm\libLibraries.a(ucg_font.o)
 .debug_info    0x0000000000020c9c     0x3856 C:\Users\ductm\Downloads\SDK_1.0.3_NUCLEO-F401RE\lib_stm\libLibraries.a(ucg_init.o)
 .debug_info    0x00000000000244f2     0x3222 C:\Users\ductm\Downloads\SDK_1.0.3_NUCLEO-F401RE\lib_stm\libLibraries.a(ucg_line.o)
 .debug_info    0x0000000000027714     0x3056 C:\Users\ductm\Downloads\SDK_1.0.3_NUCLEO-F401RE\lib_stm\libLibraries.a(ucg_pixel.o)
 .debug_info    0x000000000002a76a     0x43df C:\Users\ductm\Downloads\SDK_1.0.3_NUCLEO-F401RE\lib_stm\libLibraries.a(ucg_pixel_font_data.o)
 .debug_info    0x000000000002eb49     0x3231 C:\Users\ductm\Downloads\SDK_1.0.3_NUCLEO-F401RE\lib_stm\libLibraries.a(ucg_rotate.o)
 .debug_info    0x0000000000031d7a      0x339 C:\Users\ductm\Downloads\SDK_1.0.3_NUCLEO-F401RE\lib_stm\libLibraries.a(buff.o)
 .debug_info    0x00000000000320b3      0x2bd C:\Users\ductm\Downloads\SDK_1.0.3_NUCLEO-F401RE\lib_stm\libLibraries.a(utilities.o)
 .debug_info    0x0000000000032370      0x74b C:\Users\ductm\Downloads\SDK_1.0.3_NUCLEO-F401RE\lib_stm\libLibraries.a(stm32f401re_dma.o)
 .debug_info    0x0000000000032abb     0x315a C:\Users\ductm\Downloads\SDK_1.0.3_NUCLEO-F401RE\lib_stm\libLibraries.a(ucg_clip.o)
 .debug_info    0x0000000000035c15     0x348a C:\Users\ductm\Downloads\SDK_1.0.3_NUCLEO-F401RE\lib_stm\libLibraries.a(ucg_com_msg_api.o)

.debug_abbrev   0x0000000000000000     0x3357
 .debug_abbrev  0x0000000000000000      0x17f ./SDK_1.0.3_NUCLEO-F401RE/shared/Drivers/STM32F401RE_StdPeriph_Driver/src/misc.o
 .debug_abbrev  0x000000000000017f      0x1b8 ./SDK_1.0.3_NUCLEO-F401RE/shared/Drivers/STM32F401RE_StdPeriph_Driver/src/stm32f401re_adc.o
 .debug_abbrev  0x0000000000000337      0x17b ./SDK_1.0.3_NUCLEO-F401RE/shared/Drivers/STM32F401RE_StdPeriph_Driver/src/stm32f401re_exti.o
 .debug_abbrev  0x00000000000004b2      0x1af ./SDK_1.0.3_NUCLEO-F401RE/shared/Drivers/STM32F401RE_StdPeriph_Driver/src/stm32f401re_gpio.o
 .debug_abbrev  0x0000000000000661      0x20d ./SDK_1.0.3_NUCLEO-F401RE/shared/Drivers/STM32F401RE_StdPeriph_Driver/src/stm32f401re_rcc.o
 .debug_abbrev  0x000000000000086e      0x163 ./SDK_1.0.3_NUCLEO-F401RE/shared/Drivers/STM32F401RE_StdPeriph_Driver/src/stm32f401re_syscfg.o
 .debug_abbrev  0x00000000000009d1      0x1b1 ./SDK_1.0.3_NUCLEO-F401RE/shared/Drivers/STM32F401RE_StdPeriph_Driver/src/stm32f401re_usart.o
 .debug_abbrev  0x0000000000000b82      0x3ae ./Src/main.o
 .debug_abbrev  0x0000000000000f30       0xbc ./Src/sysmem.o
 .debug_abbrev  0x0000000000000fec       0x12 ./Startup/startup_stm32f401retx.o
 .debug_abbrev  0x0000000000000ffe      0x138 C:\Users\ductm\Downloads\SDK_1.0.3_NUCLEO-F401RE\lib_stm\libLibraries.a(system_stm32f4xx.o)
 .debug_abbrev  0x0000000000001136      0x29a C:\Users\ductm\Downloads\SDK_1.0.3_NUCLEO-F401RE\lib_stm\libLibraries.a(timer.o)
 .debug_abbrev  0x00000000000013d0      0x183 C:\Users\ductm\Downloads\SDK_1.0.3_NUCLEO-F401RE\lib_stm\libLibraries.a(lightsensor.o)
 .debug_abbrev  0x0000000000001553      0x2ba C:\Users\ductm\Downloads\SDK_1.0.3_NUCLEO-F401RE\lib_stm\libLibraries.a(serial.o)
 .debug_abbrev  0x000000000000180d      0x202 C:\Users\ductm\Downloads\SDK_1.0.3_NUCLEO-F401RE\lib_stm\libLibraries.a(Ucglib.o)
 .debug_abbrev  0x0000000000001a0f      0x18b C:\Users\ductm\Downloads\SDK_1.0.3_NUCLEO-F401RE\lib_stm\libLibraries.a(ucg_box.o)
 .debug_abbrev  0x0000000000001b9a       0xf5 C:\Users\ductm\Downloads\SDK_1.0.3_NUCLEO-F401RE\lib_stm\libLibraries.a(ucg_ccs.o)
 .debug_abbrev  0x0000000000001c8f      0x19e C:\Users\ductm\Downloads\SDK_1.0.3_NUCLEO-F401RE\lib_stm\libLibraries.a(ucg_dev_default_cb.o)
 .debug_abbrev  0x0000000000001e2d      0x1dc C:\Users\ductm\Downloads\SDK_1.0.3_NUCLEO-F401RE\lib_stm\libLibraries.a(ucg_dev_ic_st7735.o)
 .debug_abbrev  0x0000000000002009      0x191 C:\Users\ductm\Downloads\SDK_1.0.3_NUCLEO-F401RE\lib_stm\libLibraries.a(ucg_dev_msg_api.o)
 .debug_abbrev  0x000000000000219a      0x14e C:\Users\ductm\Downloads\SDK_1.0.3_NUCLEO-F401RE\lib_stm\libLibraries.a(ucg_dev_tft_128x128_st7735.o)
 .debug_abbrev  0x00000000000022e8      0x2fc C:\Users\ductm\Downloads\SDK_1.0.3_NUCLEO-F401RE\lib_stm\libLibraries.a(ucg_font.o)
 .debug_abbrev  0x00000000000025e4      0x1c6 C:\Users\ductm\Downloads\SDK_1.0.3_NUCLEO-F401RE\lib_stm\libLibraries.a(ucg_init.o)
 .debug_abbrev  0x00000000000027aa      0x175 C:\Users\ductm\Downloads\SDK_1.0.3_NUCLEO-F401RE\lib_stm\libLibraries.a(ucg_line.o)
 .debug_abbrev  0x000000000000291f      0x148 C:\Users\ductm\Downloads\SDK_1.0.3_NUCLEO-F401RE\lib_stm\libLibraries.a(ucg_pixel.o)
 .debug_abbrev  0x0000000000002a67       0x83 C:\Users\ductm\Downloads\SDK_1.0.3_NUCLEO-F401RE\lib_stm\libLibraries.a(ucg_pixel_font_data.o)
 .debug_abbrev  0x0000000000002aea      0x1a3 C:\Users\ductm\Downloads\SDK_1.0.3_NUCLEO-F401RE\lib_stm\libLibraries.a(ucg_rotate.o)
 .debug_abbrev  0x0000000000002c8d      0x12a C:\Users\ductm\Downloads\SDK_1.0.3_NUCLEO-F401RE\lib_stm\libLibraries.a(buff.o)
 .debug_abbrev  0x0000000000002db7       0xce C:\Users\ductm\Downloads\SDK_1.0.3_NUCLEO-F401RE\lib_stm\libLibraries.a(utilities.o)
 .debug_abbrev  0x0000000000002e85      0x16d C:\Users\ductm\Downloads\SDK_1.0.3_NUCLEO-F401RE\lib_stm\libLibraries.a(stm32f401re_dma.o)
 .debug_abbrev  0x0000000000002ff2      0x173 C:\Users\ductm\Downloads\SDK_1.0.3_NUCLEO-F401RE\lib_stm\libLibraries.a(ucg_clip.o)
 .debug_abbrev  0x0000000000003165      0x1f2 C:\Users\ductm\Downloads\SDK_1.0.3_NUCLEO-F401RE\lib_stm\libLibraries.a(ucg_com_msg_api.o)

.debug_aranges  0x0000000000000000      0xe40
 .debug_aranges
                0x0000000000000000       0x40 ./SDK_1.0.3_NUCLEO-F401RE/shared/Drivers/STM32F401RE_StdPeriph_Driver/src/misc.o
 .debug_aranges
                0x0000000000000040      0x148 ./SDK_1.0.3_NUCLEO-F401RE/shared/Drivers/STM32F401RE_StdPeriph_Driver/src/stm32f401re_adc.o
 .debug_aranges
                0x0000000000000188       0x50 ./SDK_1.0.3_NUCLEO-F401RE/shared/Drivers/STM32F401RE_StdPeriph_Driver/src/stm32f401re_exti.o
 .debug_aranges
                0x00000000000001d8       0x80 ./SDK_1.0.3_NUCLEO-F401RE/shared/Drivers/STM32F401RE_StdPeriph_Driver/src/stm32f401re_gpio.o
 .debug_aranges
                0x0000000000000258      0x198 ./SDK_1.0.3_NUCLEO-F401RE/shared/Drivers/STM32F401RE_StdPeriph_Driver/src/stm32f401re_rcc.o
 .debug_aranges
                0x00000000000003f0       0x48 ./SDK_1.0.3_NUCLEO-F401RE/shared/Drivers/STM32F401RE_StdPeriph_Driver/src/stm32f401re_syscfg.o
 .debug_aranges
                0x0000000000000438      0x100 ./SDK_1.0.3_NUCLEO-F401RE/shared/Drivers/STM32F401RE_StdPeriph_Driver/src/stm32f401re_usart.o
 .debug_aranges
                0x0000000000000538       0xe8 ./Src/main.o
 .debug_aranges
                0x0000000000000620       0x20 ./Src/sysmem.o
 .debug_aranges
                0x0000000000000640       0x28 ./Startup/startup_stm32f401retx.o
 .debug_aranges
                0x0000000000000668       0x30 C:\Users\ductm\Downloads\SDK_1.0.3_NUCLEO-F401RE\lib_stm\libLibraries.a(system_stm32f4xx.o)
 .debug_aranges
                0x0000000000000698       0x70 C:\Users\ductm\Downloads\SDK_1.0.3_NUCLEO-F401RE\lib_stm\libLibraries.a(timer.o)
 .debug_aranges