../Src/main.c:241:13:BUTTON_Interrupt_Init_B1	32	static
../Src/main.c:271:13:BUTTON_Interrupt_Init_B2	32	static
../Src/main.c:301:13:BUTTON_Interrupt_Init_B3	32	static
../Src/main.c:331:13:BUTTON_Interrupt_Init_B4	32	static
../Src/main.c:393:6:LoadConfiguration	16	static
../Src/main.c:400:6:InitScreen	16	static
../Src/main.c:423:6:ChooseBlock	24	static
../Src/main.c:434:6:InitBlock	16	static
../Src/main.c:443:6:DrawBlock	48	static
../Src/main.c:456:6:EraseBlock	48	static
../Src/main.c:470:5:Collision	40	static
../Src/main.c:485:6:FixBlock	40	static
../Src/main.c:498:6:UpdateScore	16	static
../Src/main.c:506:6:CheckFullRow	72	static
../Src/main.c:561:6:CheckFullColumn	24	static
../Src/main.c:573:6:FallingBlock	32	static
../Src/main.c:602:6:Falling	24	static
../Src/main.c:611:5:CalculateBlockMaxWidth	32	static
../Src/main.c:628:5:CalculateBlockWidth	32	static
../Src/main.c:646:6:RotateBlock	176	static
../Src/main.c:742:6:EXTI3_IRQHandler	8	static
../Src/main.c:752:6:EXTI0_IRQHandler	8	static
../Src/main.c:762:6:EXTI4_IRQHandler	8	static
../Src/main.c:770:6:EXTI9_5_IRQHandler	8	static
../Src/main.c:781:13:AppInitCommon	16	static
../Src/main.c:800:5:main	8	static
