C:/Users/ductm/Downloads/SDK_1.0.3_NUCLEO-F401RE/shared/Drivers/STM32F401RE_StdPeriph_Driver/src/stm32f401re_tim.c:187:6:TIM_DeInit	16	static
C:/Users/ductm/Downloads/SDK_1.0.3_NUCLEO-F401RE/shared/Drivers/STM32F401RE_StdPeriph_Driver/src/stm32f401re_tim.c:241:6:TIM_TimeBaseInit	24	static
C:/Users/ductm/Downloads/SDK_1.0.3_NUCLEO-F401RE/shared/Drivers/STM32F401RE_StdPeriph_Driver/src/stm32f401re_tim.c:291:6:TIM_TimeBaseStructInit	16	static
C:/Users/ductm/Downloads/SDK_1.0.3_NUCLEO-F401RE/shared/Drivers/STM32F401RE_StdPeriph_Driver/src/stm32f401re_tim.c:311:6:TIM_PrescalerConfig	16	static
C:/Users/ductm/Downloads/SDK_1.0.3_NUCLEO-F401RE/shared/Drivers/STM32F401RE_StdPeriph_Driver/src/stm32f401re_tim.c:334:6:TIM_CounterModeConfig	24	static
C:/Users/ductm/Downloads/SDK_1.0.3_NUCLEO-F401RE/shared/Drivers/STM32F401RE_StdPeriph_Driver/src/stm32f401re_tim.c:360:6:TIM_SetCounter	16	static
C:/Users/ductm/Downloads/SDK_1.0.3_NUCLEO-F401RE/shared/Drivers/STM32F401RE_StdPeriph_Driver/src/stm32f401re_tim.c:375:6:TIM_SetAutoreload	16	static
C:/Users/ductm/Downloads/SDK_1.0.3_NUCLEO-F401RE/shared/Drivers/STM32F401RE_StdPeriph_Driver/src/stm32f401re_tim.c:389:10:TIM_GetCounter	16	static
C:/Users/ductm/Downloads/SDK_1.0.3_NUCLEO-F401RE/shared/Drivers/STM32F401RE_StdPeriph_Driver/src/stm32f401re_tim.c:403:10:TIM_GetPrescaler	16	static
C:/Users/ductm/Downloads/SDK_1.0.3_NUCLEO-F401RE/shared/Drivers/STM32F401RE_StdPeriph_Driver/src/stm32f401re_tim.c:419:6:TIM_UpdateDisableConfig	16	static
C:/Users/ductm/Downloads/SDK_1.0.3_NUCLEO-F401RE/shared/Drivers/STM32F401RE_StdPeriph_Driver/src/stm32f401re_tim.c:448:6:TIM_UpdateRequestConfig	16	static
C:/Users/ductm/Downloads/SDK_1.0.3_NUCLEO-F401RE/shared/Drivers/STM32F401RE_StdPeriph_Driver/src/stm32f401re_tim.c:473:6:TIM_ARRPreloadConfig	16	static
C:/Users/ductm/Downloads/SDK_1.0.3_NUCLEO-F401RE/shared/Drivers/STM32F401RE_StdPeriph_Driver/src/stm32f401re_tim.c:500:6:TIM_SelectOnePulseMode	16	static
C:/Users/ductm/Downloads/SDK_1.0.3_NUCLEO-F401RE/shared/Drivers/STM32F401RE_StdPeriph_Driver/src/stm32f401re_tim.c:523:6:TIM_SetClockDivision	16	static
C:/Users/ductm/Downloads/SDK_1.0.3_NUCLEO-F401RE/shared/Drivers/STM32F401RE_StdPeriph_Driver/src/stm32f401re_tim.c:543:6:TIM_Cmd	16	static
C:/Users/ductm/Downloads/SDK_1.0.3_NUCLEO-F401RE/shared/Drivers/STM32F401RE_StdPeriph_Driver/src/stm32f401re_tim.c:624:6:TIM_OC1Init	24	static
C:/Users/ductm/Downloads/SDK_1.0.3_NUCLEO-F401RE/shared/Drivers/STM32F401RE_StdPeriph_Driver/src/stm32f401re_tim.c:705:6:TIM_OC2Init	24	static
C:/Users/ductm/Downloads/SDK_1.0.3_NUCLEO-F401RE/shared/Drivers/STM32F401RE_StdPeriph_Driver/src/stm32f401re_tim.c:786:6:TIM_OC3Init	24	static
C:/Users/ductm/Downloads/SDK_1.0.3_NUCLEO-F401RE/shared/Drivers/STM32F401RE_StdPeriph_Driver/src/stm32f401re_tim.c:866:6:TIM_OC4Init	24	static
C:/Users/ductm/Downloads/SDK_1.0.3_NUCLEO-F401RE/shared/Drivers/STM32F401RE_StdPeriph_Driver/src/stm32f401re_tim.c:929:6:TIM_OCStructInit	16	static
C:/Users/ductm/Downloads/SDK_1.0.3_NUCLEO-F401RE/shared/Drivers/STM32F401RE_StdPeriph_Driver/src/stm32f401re_tim.c:965:6:TIM_SelectOCxM	24	static
C:/Users/ductm/Downloads/SDK_1.0.3_NUCLEO-F401RE/shared/Drivers/STM32F401RE_StdPeriph_Driver/src/stm32f401re_tim.c:1011:6:TIM_SetCompare1	16	static
C:/Users/ductm/Downloads/SDK_1.0.3_NUCLEO-F401RE/shared/Drivers/STM32F401RE_StdPeriph_Driver/src/stm32f401re_tim.c:1027:6:TIM_SetCompare2	16	static
C:/Users/ductm/Downloads/SDK_1.0.3_NUCLEO-F401RE/shared/Drivers/STM32F401RE_StdPeriph_Driver/src/stm32f401re_tim.c:1042:6:TIM_SetCompare3	16	static
C:/Users/ductm/Downloads/SDK_1.0.3_NUCLEO-F401RE/shared/Drivers/STM32F401RE_StdPeriph_Driver/src/stm32f401re_tim.c:1057:6:TIM_SetCompare4	16	static
C:/Users/ductm/Downloads/SDK_1.0.3_NUCLEO-F401RE/shared/Drivers/STM32F401RE_StdPeriph_Driver/src/stm32f401re_tim.c:1075:6:TIM_ForcedOC1Config	24	static
C:/Users/ductm/Downloads/SDK_1.0.3_NUCLEO-F401RE/shared/Drivers/STM32F401RE_StdPeriph_Driver/src/stm32f401re_tim.c:1104:6:TIM_ForcedOC2Config	24	static
C:/Users/ductm/Downloads/SDK_1.0.3_NUCLEO-F401RE/shared/Drivers/STM32F401RE_StdPeriph_Driver/src/stm32f401re_tim.c:1132:6:TIM_ForcedOC3Config	24	static
C:/Users/ductm/Downloads/SDK_1.0.3_NUCLEO-F401RE/shared/Drivers/STM32F401RE_StdPeriph_Driver/src/stm32f401re_tim.c:1161:6:TIM_ForcedOC4Config	24	static
C:/Users/ductm/Downloads/SDK_1.0.3_NUCLEO-F401RE/shared/Drivers/STM32F401RE_StdPeriph_Driver/src/stm32f401re_tim.c:1189:6:TIM_OC1PreloadConfig	24	static
C:/Users/ductm/Downloads/SDK_1.0.3_NUCLEO-F401RE/shared/Drivers/STM32F401RE_StdPeriph_Driver/src/stm32f401re_tim.c:1219:6:TIM_OC2PreloadConfig	24	static
C:/Users/ductm/Downloads/SDK_1.0.3_NUCLEO-F401RE/shared/Drivers/STM32F401RE_StdPeriph_Driver/src/stm32f401re_tim.c:1248:6:TIM_OC3PreloadConfig	24	static
C:/Users/ductm/Downloads/SDK_1.0.3_NUCLEO-F401RE/shared/Drivers/STM32F401RE_StdPeriph_Driver/src/stm32f401re_tim.c:1277:6:TIM_OC4PreloadConfig	24	static
C:/Users/ductm/Downloads/SDK_1.0.3_NUCLEO-F401RE/shared/Drivers/STM32F401RE_StdPeriph_Driver/src/stm32f401re_tim.c:1306:6:TIM_OC1FastConfig	24	static
C:/Users/ductm/Downloads/SDK_1.0.3_NUCLEO-F401RE/shared/Drivers/STM32F401RE_StdPeriph_Driver/src/stm32f401re_tim.c:1337:6:TIM_OC2FastConfig	24	static
C:/Users/ductm/Downloads/SDK_1.0.3_NUCLEO-F401RE/shared/Drivers/STM32F401RE_StdPeriph_Driver/src/stm32f401re_tim.c:1367:6:TIM_OC3FastConfig	24	static
C:/Users/ductm/Downloads/SDK_1.0.3_NUCLEO-F401RE/shared/Drivers/STM32F401RE_StdPeriph_Driver/src/stm32f401re_tim.c:1397:6:TIM_OC4FastConfig	24	static
C:/Users/ductm/Downloads/SDK_1.0.3_NUCLEO-F401RE/shared/Drivers/STM32F401RE_StdPeriph_Driver/src/stm32f401re_tim.c:1427:6:TIM_ClearOC1Ref	24	static
C:/Users/ductm/Downloads/SDK_1.0.3_NUCLEO-F401RE/shared/Drivers/STM32F401RE_StdPeriph_Driver/src/stm32f401re_tim.c:1457:6:TIM_ClearOC2Ref	24	static
C:/Users/ductm/Downloads/SDK_1.0.3_NUCLEO-F401RE/shared/Drivers/STM32F401RE_StdPeriph_Driver/src/stm32f401re_tim.c:1486:6:TIM_ClearOC3Ref	24	static
C:/Users/ductm/Downloads/SDK_1.0.3_NUCLEO-F401RE/shared/Drivers/STM32F401RE_StdPeriph_Driver/src/stm32f401re_tim.c:1515:6:TIM_ClearOC4Ref	24	static
C:/Users/ductm/Downloads/SDK_1.0.3_NUCLEO-F401RE/shared/Drivers/STM32F401RE_StdPeriph_Driver/src/stm32f401re_tim.c:1544:6:TIM_OC1PolarityConfig	24	static
C:/Users/ductm/Downloads/SDK_1.0.3_NUCLEO-F401RE/shared/Drivers/STM32F401RE_StdPeriph_Driver/src/stm32f401re_tim.c:1571:6:TIM_OC1NPolarityConfig	24	static
C:/Users/ductm/Downloads/SDK_1.0.3_NUCLEO-F401RE/shared/Drivers/STM32F401RE_StdPeriph_Driver/src/stm32f401re_tim.c:1598:6:TIM_OC2PolarityConfig	24	static
C:/Users/ductm/Downloads/SDK_1.0.3_NUCLEO-F401RE/shared/Drivers/STM32F401RE_StdPeriph_Driver/src/stm32f401re_tim.c:1625:6:TIM_OC2NPolarityConfig	24	static
C:/Users/ductm/Downloads/SDK_1.0.3_NUCLEO-F401RE/shared/Drivers/STM32F401RE_StdPeriph_Driver/src/stm32f401re_tim.c:1652:6:TIM_OC3PolarityConfig	24	static
C:/Users/ductm/Downloads/SDK_1.0.3_NUCLEO-F401RE/shared/Drivers/STM32F401RE_StdPeriph_Driver/src/stm32f401re_tim.c:1679:6:TIM_OC3NPolarityConfig	24	static
C:/Users/ductm/Downloads/SDK_1.0.3_NUCLEO-F401RE/shared/Drivers/STM32F401RE_StdPeriph_Driver/src/stm32f401re_tim.c:1706:6:TIM_OC4PolarityConfig	24	static
C:/Users/ductm/Downloads/SDK_1.0.3_NUCLEO-F401RE/shared/Drivers/STM32F401RE_StdPeriph_Driver/src/stm32f401re_tim.c:1737:6:TIM_CCxCmd	24	static
C:/Users/ductm/Downloads/SDK_1.0.3_NUCLEO-F401RE/shared/Drivers/STM32F401RE_StdPeriph_Driver/src/stm32f401re_tim.c:1767:6:TIM_CCxNCmd	24	static
C:/Users/ductm/Downloads/SDK_1.0.3_NUCLEO-F401RE/shared/Drivers/STM32F401RE_StdPeriph_Driver/src/stm32f401re_tim.c:1851:6:TIM_ICInit	16	static
C:/Users/ductm/Downloads/SDK_1.0.3_NUCLEO-F401RE/shared/Drivers/STM32F401RE_StdPeriph_Driver/src/stm32f401re_tim.c:1907:6:TIM_ICStructInit	16	static
C:/Users/ductm/Downloads/SDK_1.0.3_NUCLEO-F401RE/shared/Drivers/STM32F401RE_StdPeriph_Driver/src/stm32f401re_tim.c:1926:6:TIM_PWMIConfig	24	static
C:/Users/ductm/Downloads/SDK_1.0.3_NUCLEO-F401RE/shared/Drivers/STM32F401RE_StdPeriph_Driver/src/stm32f401re_tim.c:1983:10:TIM_GetCapture1	16	static
C:/Users/ductm/Downloads/SDK_1.0.3_NUCLEO-F401RE/shared/Drivers/STM32F401RE_StdPeriph_Driver/src/stm32f401re_tim.c:1998:10:TIM_GetCapture2	16	static
C:/Users/ductm/Downloads/SDK_1.0.3_NUCLEO-F401RE/shared/Drivers/STM32F401RE_StdPeriph_Driver/src/stm32f401re_tim.c:2012:10:TIM_GetCapture3	16	static
C:/Users/ductm/Downloads/SDK_1.0.3_NUCLEO-F401RE/shared/Drivers/STM32F401RE_StdPeriph_Driver/src/stm32f401re_tim.c:2026:10:TIM_GetCapture4	16	static
C:/Users/ductm/Downloads/SDK_1.0.3_NUCLEO-F401RE/shared/Drivers/STM32F401RE_StdPeriph_Driver/src/stm32f401re_tim.c:2046:6:TIM_SetIC1Prescaler	16	static
C:/Users/ductm/Downloads/SDK_1.0.3_NUCLEO-F401RE/shared/Drivers/STM32F401RE_StdPeriph_Driver/src/stm32f401re_tim.c:2071:6:TIM_SetIC2Prescaler	16	static
C:/Users/ductm/Downloads/SDK_1.0.3_NUCLEO-F401RE/shared/Drivers/STM32F401RE_StdPeriph_Driver/src/stm32f401re_tim.c:2095:6:TIM_SetIC3Prescaler	16	static
C:/Users/ductm/Downloads/SDK_1.0.3_NUCLEO-F401RE/shared/Drivers/STM32F401RE_StdPeriph_Driver/src/stm32f401re_tim.c:2119:6:TIM_SetIC4Prescaler	16	static
C:/Users/ductm/Downloads/SDK_1.0.3_NUCLEO-F401RE/shared/Drivers/STM32F401RE_StdPeriph_Driver/src/stm32f401re_tim.c:2172:6:TIM_BDTRConfig	16	static
C:/Users/ductm/Downloads/SDK_1.0.3_NUCLEO-F401RE/shared/Drivers/STM32F401RE_StdPeriph_Driver/src/stm32f401re_tim.c:2197:6:TIM_BDTRStructInit	16	static
C:/Users/ductm/Downloads/SDK_1.0.3_NUCLEO-F401RE/shared/Drivers/STM32F401RE_StdPeriph_Driver/src/stm32f401re_tim.c:2216:6:TIM_CtrlPWMOutputs	16	static
C:/Users/ductm/Downloads/SDK_1.0.3_NUCLEO-F401RE/shared/Drivers/STM32F401RE_StdPeriph_Driver/src/stm32f401re_tim.c:2241:6:TIM_SelectCOM	16	static
C:/Users/ductm/Downloads/SDK_1.0.3_NUCLEO-F401RE/shared/Drivers/STM32F401RE_StdPeriph_Driver/src/stm32f401re_tim.c:2266:6:TIM_CCPreloadControl	16	static
C:/Users/ductm/Downloads/SDK_1.0.3_NUCLEO-F401RE/shared/Drivers/STM32F401RE_StdPeriph_Driver/src/stm32f401re_tim.c:2323:6:TIM_ITConfig	16	static
C:/Users/ductm/Downloads/SDK_1.0.3_NUCLEO-F401RE/shared/Drivers/STM32F401RE_StdPeriph_Driver/src/stm32f401re_tim.c:2361:6:TIM_GenerateEvent	16	static
C:/Users/ductm/Downloads/SDK_1.0.3_NUCLEO-F401RE/shared/Drivers/STM32F401RE_StdPeriph_Driver/src/stm32f401re_tim.c:2394:12:TIM_GetFlagStatus	24	static
C:/Users/ductm/Downloads/SDK_1.0.3_NUCLEO-F401RE/shared/Drivers/STM32F401RE_StdPeriph_Driver/src/stm32f401re_tim.c:2436:6:TIM_ClearFlag	16	static
C:/Users/ductm/Downloads/SDK_1.0.3_NUCLEO-F401RE/shared/Drivers/STM32F401RE_StdPeriph_Driver/src/stm32f401re_tim.c:2464:10:TIM_GetITStatus	24	static
C:/Users/ductm/Downloads/SDK_1.0.3_NUCLEO-F401RE/shared/Drivers/STM32F401RE_StdPeriph_Driver/src/stm32f401re_tim.c:2505:6:TIM_ClearITPendingBit	16	static
C:/Users/ductm/Downloads/SDK_1.0.3_NUCLEO-F401RE/shared/Drivers/STM32F401RE_StdPeriph_Driver/src/stm32f401re_tim.c:2542:6:TIM_DMAConfig	16	static
C:/Users/ductm/Downloads/SDK_1.0.3_NUCLEO-F401RE/shared/Drivers/STM32F401RE_StdPeriph_Driver/src/stm32f401re_tim.c:2569:6:TIM_DMACmd	16	static
C:/Users/ductm/Downloads/SDK_1.0.3_NUCLEO-F401RE/shared/Drivers/STM32F401RE_StdPeriph_Driver/src/stm32f401re_tim.c:2595:6:TIM_SelectCCDMA	16	static
C:/Users/ductm/Downloads/SDK_1.0.3_NUCLEO-F401RE/shared/Drivers/STM32F401RE_StdPeriph_Driver/src/stm32f401re_tim.c:2634:6:TIM_InternalClockConfig	16	static
C:/Users/ductm/Downloads/SDK_1.0.3_NUCLEO-F401RE/shared/Drivers/STM32F401RE_StdPeriph_Driver/src/stm32f401re_tim.c:2655:6:TIM_ITRxExternalClockConfig	16	static
C:/Users/ductm/Downloads/SDK_1.0.3_NUCLEO-F401RE/shared/Drivers/STM32F401RE_StdPeriph_Driver/src/stm32f401re_tim.c:2685:6:TIM_TIxExternalClockConfig	24	static
C:/Users/ductm/Downloads/SDK_1.0.3_NUCLEO-F401RE/shared/Drivers/STM32F401RE_StdPeriph_Driver/src/stm32f401re_tim.c:2725:6:TIM_ETRClockMode1Config	32	static
C:/Users/ductm/Downloads/SDK_1.0.3_NUCLEO-F401RE/shared/Drivers/STM32F401RE_StdPeriph_Driver/src/stm32f401re_tim.c:2772:6:TIM_ETRClockMode2Config	24	static
C:/Users/ductm/Downloads/SDK_1.0.3_NUCLEO-F401RE/shared/Drivers/STM32F401RE_StdPeriph_Driver/src/stm32f401re_tim.c:2843:6:TIM_SelectInputTrigger	24	static
C:/Users/ductm/Downloads/SDK_1.0.3_NUCLEO-F401RE/shared/Drivers/STM32F401RE_StdPeriph_Driver/src/stm32f401re_tim.c:2886:6:TIM_SelectOutputTrigger	16	static
C:/Users/ductm/Downloads/SDK_1.0.3_NUCLEO-F401RE/shared/Drivers/STM32F401RE_StdPeriph_Driver/src/stm32f401re_tim.c:2910:6:TIM_SelectSlaveMode	16	static
C:/Users/ductm/Downloads/SDK_1.0.3_NUCLEO-F401RE/shared/Drivers/STM32F401RE_StdPeriph_Driver/src/stm32f401re_tim.c:2933:6:TIM_SelectMasterSlaveMode	16	static
C:/Users/ductm/Downloads/SDK_1.0.3_NUCLEO-F401RE/shared/Drivers/STM32F401RE_StdPeriph_Driver/src/stm32f401re_tim.c:2963:6:TIM_ETRConfig	32	static
C:/Users/ductm/Downloads/SDK_1.0.3_NUCLEO-F401RE/shared/Drivers/STM32F401RE_StdPeriph_Driver/src/stm32f401re_tim.c:3021:6:TIM_EncoderInterfaceConfig	32	static
C:/Users/ductm/Downloads/SDK_1.0.3_NUCLEO-F401RE/shared/Drivers/STM32F401RE_StdPeriph_Driver/src/stm32f401re_tim.c:3073:6:TIM_SelectHallSensor	16	static
C:/Users/ductm/Downloads/SDK_1.0.3_NUCLEO-F401RE/shared/Drivers/STM32F401RE_StdPeriph_Driver/src/stm32f401re_tim.c:3124:6:TIM_RemapConfig	16	static
C:/Users/ductm/Downloads/SDK_1.0.3_NUCLEO-F401RE/shared/Drivers/STM32F401RE_StdPeriph_Driver/src/stm32f401re_tim.c:3155:13:TI1_Config	32	static
C:/Users/ductm/Downloads/SDK_1.0.3_NUCLEO-F401RE/shared/Drivers/STM32F401RE_StdPeriph_Driver/src/stm32f401re_tim.c:3196:13:TI2_Config	32	static
C:/Users/ductm/Downloads/SDK_1.0.3_NUCLEO-F401RE/shared/Drivers/STM32F401RE_StdPeriph_Driver/src/stm32f401re_tim.c:3238:13:TI3_Config	32	static
C:/Users/ductm/Downloads/SDK_1.0.3_NUCLEO-F401RE/shared/Drivers/STM32F401RE_StdPeriph_Driver/src/stm32f401re_tim.c:3279:13:TI4_Config	32	static
