C:/Users/ductm/Downloads/SDK_1.0.3_NUCLEO-F401RE/shared/Drivers/STM32F401RE_StdPeriph_Driver/src/stm32f401re_adc.c:218:6:ADC_DeInit	8	static
C:/Users/ductm/Downloads/SDK_1.0.3_NUCLEO-F401RE/shared/Drivers/STM32F401RE_StdPeriph_Driver/src/stm32f401re_adc.c:240:6:ADC_Init	24	static
C:/Users/ductm/Downloads/SDK_1.0.3_NUCLEO-F401RE/shared/Drivers/STM32F401RE_StdPeriph_Driver/src/stm32f401re_adc.c:315:6:ADC_StructInit	16	static
C:/Users/ductm/Downloads/SDK_1.0.3_NUCLEO-F401RE/shared/Drivers/STM32F401RE_StdPeriph_Driver/src/stm32f401re_adc.c:346:6:ADC_CommonInit	24	static
C:/Users/ductm/Downloads/SDK_1.0.3_NUCLEO-F401RE/shared/Drivers/STM32F401RE_StdPeriph_Driver/src/stm32f401re_adc.c:382:6:ADC_CommonStructInit	16	static
C:/Users/ductm/Downloads/SDK_1.0.3_NUCLEO-F401RE/shared/Drivers/STM32F401RE_StdPeriph_Driver/src/stm32f401re_adc.c:404:6:ADC_Cmd	16	static
C:/Users/ductm/Downloads/SDK_1.0.3_NUCLEO-F401RE/shared/Drivers/STM32F401RE_StdPeriph_Driver/src/stm32f401re_adc.c:460:6:ADC_AnalogWatchdogCmd	24	static
C:/Users/ductm/Downloads/SDK_1.0.3_NUCLEO-F401RE/shared/Drivers/STM32F401RE_StdPeriph_Driver/src/stm32f401re_adc.c:489:6:ADC_AnalogWatchdogThresholdsConfig	16	static
C:/Users/ductm/Downloads/SDK_1.0.3_NUCLEO-F401RE/shared/Drivers/STM32F401RE_StdPeriph_Driver/src/stm32f401re_adc.c:530:6:ADC_AnalogWatchdogSingleChannelConfig	24	static
C:/Users/ductm/Downloads/SDK_1.0.3_NUCLEO-F401RE/shared/Drivers/STM32F401RE_StdPeriph_Driver/src/stm32f401re_adc.c:594:6:ADC_TempSensorVrefintCmd	16	static
C:/Users/ductm/Downloads/SDK_1.0.3_NUCLEO-F401RE/shared/Drivers/STM32F401RE_StdPeriph_Driver/src/stm32f401re_adc.c:620:6:ADC_VBATCmd	16	static
C:/Users/ductm/Downloads/SDK_1.0.3_NUCLEO-F401RE/shared/Drivers/STM32F401RE_StdPeriph_Driver/src/stm32f401re_adc.c:720:6:ADC_RegularChannelConfig	24	static
C:/Users/ductm/Downloads/SDK_1.0.3_NUCLEO-F401RE/shared/Drivers/STM32F401RE_StdPeriph_Driver/src/stm32f401re_adc.c:840:6:ADC_SoftwareStartConv	16	static
C:/Users/ductm/Downloads/SDK_1.0.3_NUCLEO-F401RE/shared/Drivers/STM32F401RE_StdPeriph_Driver/src/stm32f401re_adc.c:854:12:ADC_GetSoftwareStartConvStatus	24	static
C:/Users/ductm/Downloads/SDK_1.0.3_NUCLEO-F401RE/shared/Drivers/STM32F401RE_StdPeriph_Driver/src/stm32f401re_adc.c:884:6:ADC_EOCOnEachRegularChannelCmd	16	static
C:/Users/ductm/Downloads/SDK_1.0.3_NUCLEO-F401RE/shared/Drivers/STM32F401RE_StdPeriph_Driver/src/stm32f401re_adc.c:909:6:ADC_ContinuousModeCmd	16	static
C:/Users/ductm/Downloads/SDK_1.0.3_NUCLEO-F401RE/shared/Drivers/STM32F401RE_StdPeriph_Driver/src/stm32f401re_adc.c:935:6:ADC_DiscModeChannelCountConfig	24	static
C:/Users/ductm/Downloads/SDK_1.0.3_NUCLEO-F401RE/shared/Drivers/STM32F401RE_StdPeriph_Driver/src/stm32f401re_adc.c:967:6:ADC_DiscModeCmd	16	static
C:/Users/ductm/Downloads/SDK_1.0.3_NUCLEO-F401RE/shared/Drivers/STM32F401RE_StdPeriph_Driver/src/stm32f401re_adc.c:990:10:ADC_GetConversionValue	16	static
C:/Users/ductm/Downloads/SDK_1.0.3_NUCLEO-F401RE/shared/Drivers/STM32F401RE_StdPeriph_Driver/src/stm32f401re_adc.c:1011:10:ADC_GetMultiModeConversionValue	4	static
C:/Users/ductm/Downloads/SDK_1.0.3_NUCLEO-F401RE/shared/Drivers/STM32F401RE_StdPeriph_Driver/src/stm32f401re_adc.c:1057:6:ADC_DMACmd	16	static
C:/Users/ductm/Downloads/SDK_1.0.3_NUCLEO-F401RE/shared/Drivers/STM32F401RE_StdPeriph_Driver/src/stm32f401re_adc.c:1081:6:ADC_DMARequestAfterLastTransferCmd	16	static
C:/Users/ductm/Downloads/SDK_1.0.3_NUCLEO-F401RE/shared/Drivers/STM32F401RE_StdPeriph_Driver/src/stm32f401re_adc.c:1108:6:ADC_MultiModeDMARequestAfterLastTransferCmd	16	static
C:/Users/ductm/Downloads/SDK_1.0.3_NUCLEO-F401RE/shared/Drivers/STM32F401RE_StdPeriph_Driver/src/stm32f401re_adc.c:1195:6:ADC_InjectedChannelConfig	32	static
C:/Users/ductm/Downloads/SDK_1.0.3_NUCLEO-F401RE/shared/Drivers/STM32F401RE_StdPeriph_Driver/src/stm32f401re_adc.c:1258:6:ADC_InjectedSequencerLengthConfig	24	static
C:/Users/ductm/Downloads/SDK_1.0.3_NUCLEO-F401RE/shared/Drivers/STM32F401RE_StdPeriph_Driver/src/stm32f401re_adc.c:1293:6:ADC_SetInjectedOffset	24	static
C:/Users/ductm/Downloads/SDK_1.0.3_NUCLEO-F401RE/shared/Drivers/STM32F401RE_StdPeriph_Driver/src/stm32f401re_adc.c:1331:6:ADC_ExternalTrigInjectedConvConfig	24	static
C:/Users/ductm/Downloads/SDK_1.0.3_NUCLEO-F401RE/shared/Drivers/STM32F401RE_StdPeriph_Driver/src/stm32f401re_adc.c:1365:6:ADC_ExternalTrigInjectedConvEdgeConfig	24	static
C:/Users/ductm/Downloads/SDK_1.0.3_NUCLEO-F401RE/shared/Drivers/STM32F401RE_StdPeriph_Driver/src/stm32f401re_adc.c:1386:6:ADC_SoftwareStartInjectedConv	16	static
C:/Users/ductm/Downloads/SDK_1.0.3_NUCLEO-F401RE/shared/Drivers/STM32F401RE_StdPeriph_Driver/src/stm32f401re_adc.c:1399:12:ADC_GetSoftwareStartInjectedConvCmdStatus	24	static
C:/Users/ductm/Downloads/SDK_1.0.3_NUCLEO-F401RE/shared/Drivers/STM32F401RE_StdPeriph_Driver/src/stm32f401re_adc.c:1428:6:ADC_AutoInjectedConvCmd	16	static
C:/Users/ductm/Downloads/SDK_1.0.3_NUCLEO-F401RE/shared/Drivers/STM32F401RE_StdPeriph_Driver/src/stm32f401re_adc.c:1454:6:ADC_InjectedDiscModeCmd	16	static
C:/Users/ductm/Downloads/SDK_1.0.3_NUCLEO-F401RE/shared/Drivers/STM32F401RE_StdPeriph_Driver/src/stm32f401re_adc.c:1482:10:ADC_GetInjectedConversionValue	24	static
C:/Users/ductm/Downloads/SDK_1.0.3_NUCLEO-F401RE/shared/Drivers/STM32F401RE_StdPeriph_Driver/src/stm32f401re_adc.c:1589:6:ADC_ITConfig	24	static
C:/Users/ductm/Downloads/SDK_1.0.3_NUCLEO-F401RE/shared/Drivers/STM32F401RE_StdPeriph_Driver/src/stm32f401re_adc.c:1626:12:ADC_GetFlagStatus	24	static
C:/Users/ductm/Downloads/SDK_1.0.3_NUCLEO-F401RE/shared/Drivers/STM32F401RE_StdPeriph_Driver/src/stm32f401re_adc.c:1661:6:ADC_ClearFlag	16	static
C:/Users/ductm/Downloads/SDK_1.0.3_NUCLEO-F401RE/shared/Drivers/STM32F401RE_StdPeriph_Driver/src/stm32f401re_adc.c:1682:10:ADC_GetITStatus	32	static
C:/Users/ductm/Downloads/SDK_1.0.3_NUCLEO-F401RE/shared/Drivers/STM32F401RE_StdPeriph_Driver/src/stm32f401re_adc.c:1723:6:ADC_ClearITPendingBit	24	static
