C:/Users/ductm/Downloads/SDK_1.0.3_NUCLEO-F401RE/shared/Drivers/STM32F401RE_StdPeriph_Driver/src/stm32f401re_usart.c:167:6:USART_DeInit	16	static
C:/Users/ductm/Downloads/SDK_1.0.3_NUCLEO-F401RE/shared/Drivers/STM32F401RE_StdPeriph_Driver/src/stm32f401re_usart.c:198:6:USART_Init	48	static
C:/Users/ductm/Downloads/SDK_1.0.3_NUCLEO-F401RE/shared/Drivers/STM32F401RE_StdPeriph_Driver/src/stm32f401re_usart.c:311:6:USART_StructInit	16	static
C:/Users/ductm/Downloads/SDK_1.0.3_NUCLEO-F401RE/shared/Drivers/STM32F401RE_StdPeriph_Driver/src/stm32f401re_usart.c:331:6:USART_ClockInit	24	static
C:/Users/ductm/Downloads/SDK_1.0.3_NUCLEO-F401RE/shared/Drivers/STM32F401RE_StdPeriph_Driver/src/stm32f401re_usart.c:362:6:USART_ClockStructInit	16	static
C:/Users/ductm/Downloads/SDK_1.0.3_NUCLEO-F401RE/shared/Drivers/STM32F401RE_StdPeriph_Driver/src/stm32f401re_usart.c:379:6:USART_Cmd	16	static
C:/Users/ductm/Downloads/SDK_1.0.3_NUCLEO-F401RE/shared/Drivers/STM32F401RE_StdPeriph_Driver/src/stm32f401re_usart.c:405:6:USART_SetPrescaler	16	static
C:/Users/ductm/Downloads/SDK_1.0.3_NUCLEO-F401RE/shared/Drivers/STM32F401RE_StdPeriph_Driver/src/stm32f401re_usart.c:426:6:USART_OverSampling8Cmd	16	static
C:/Users/ductm/Downloads/SDK_1.0.3_NUCLEO-F401RE/shared/Drivers/STM32F401RE_StdPeriph_Driver/src/stm32f401re_usart.c:452:6:USART_OneBitMethodCmd	16	static
C:/Users/ductm/Downloads/SDK_1.0.3_NUCLEO-F401RE/shared/Drivers/STM32F401RE_StdPeriph_Driver/src/stm32f401re_usart.c:509:6:USART_SendData	16	static
C:/Users/ductm/Downloads/SDK_1.0.3_NUCLEO-F401RE/shared/Drivers/STM32F401RE_StdPeriph_Driver/src/stm32f401re_usart.c:525:10:USART_ReceiveData	16	static
C:/Users/ductm/Downloads/SDK_1.0.3_NUCLEO-F401RE/shared/Drivers/STM32F401RE_StdPeriph_Driver/src/stm32f401re_usart.c:577:6:USART_SetAddress	16	static
C:/Users/ductm/Downloads/SDK_1.0.3_NUCLEO-F401RE/shared/Drivers/STM32F401RE_StdPeriph_Driver/src/stm32f401re_usart.c:597:6:USART_ReceiverWakeUpCmd	16	static
C:/Users/ductm/Downloads/SDK_1.0.3_NUCLEO-F401RE/shared/Drivers/STM32F401RE_StdPeriph_Driver/src/stm32f401re_usart.c:624:6:USART_WakeUpConfig	16	static
C:/Users/ductm/Downloads/SDK_1.0.3_NUCLEO-F401RE/shared/Drivers/STM32F401RE_StdPeriph_Driver/src/stm32f401re_usart.c:693:6:USART_LINBreakDetectLengthConfig	16	static
C:/Users/ductm/Downloads/SDK_1.0.3_NUCLEO-F401RE/shared/Drivers/STM32F401RE_StdPeriph_Driver/src/stm32f401re_usart.c:711:6:USART_LINCmd	16	static
C:/Users/ductm/Downloads/SDK_1.0.3_NUCLEO-F401RE/shared/Drivers/STM32F401RE_StdPeriph_Driver/src/stm32f401re_usart.c:735:6:USART_SendBreak	16	static
C:/Users/ductm/Downloads/SDK_1.0.3_NUCLEO-F401RE/shared/Drivers/STM32F401RE_StdPeriph_Driver/src/stm32f401re_usart.c:788:6:USART_HalfDuplexCmd	16	static
C:/Users/ductm/Downloads/SDK_1.0.3_NUCLEO-F401RE/shared/Drivers/STM32F401RE_StdPeriph_Driver/src/stm32f401re_usart.c:872:6:USART_SetGuardTime	16	static
C:/Users/ductm/Downloads/SDK_1.0.3_NUCLEO-F401RE/shared/Drivers/STM32F401RE_StdPeriph_Driver/src/stm32f401re_usart.c:891:6:USART_SmartCardCmd	16	static
C:/Users/ductm/Downloads/SDK_1.0.3_NUCLEO-F401RE/shared/Drivers/STM32F401RE_StdPeriph_Driver/src/stm32f401re_usart.c:916:6:USART_SmartCardNACKCmd	16	static
C:/Users/ductm/Downloads/SDK_1.0.3_NUCLEO-F401RE/shared/Drivers/STM32F401RE_StdPeriph_Driver/src/stm32f401re_usart.c:987:6:USART_IrDAConfig	16	static
C:/Users/ductm/Downloads/SDK_1.0.3_NUCLEO-F401RE/shared/Drivers/STM32F401RE_StdPeriph_Driver/src/stm32f401re_usart.c:1005:6:USART_IrDACmd	16	static
C:/Users/ductm/Downloads/SDK_1.0.3_NUCLEO-F401RE/shared/Drivers/STM32F401RE_StdPeriph_Driver/src/stm32f401re_usart.c:1051:6:USART_DMACmd	16	static
C:/Users/ductm/Downloads/SDK_1.0.3_NUCLEO-F401RE/shared/Drivers/STM32F401RE_StdPeriph_Driver/src/stm32f401re_usart.c:1183:6:USART_ITConfig	32	static
C:/Users/ductm/Downloads/SDK_1.0.3_NUCLEO-F401RE/shared/Drivers/STM32F401RE_StdPeriph_Driver/src/stm32f401re_usart.c:1247:12:USART_GetFlagStatus	24	static
C:/Users/ductm/Downloads/SDK_1.0.3_NUCLEO-F401RE/shared/Drivers/STM32F401RE_StdPeriph_Driver/src/stm32f401re_usart.c:1296:6:USART_ClearFlag	16	static
C:/Users/ductm/Downloads/SDK_1.0.3_NUCLEO-F401RE/shared/Drivers/STM32F401RE_StdPeriph_Driver/src/stm32f401re_usart.c:1330:10:USART_GetITStatus	32	static
C:/Users/ductm/Downloads/SDK_1.0.3_NUCLEO-F401RE/shared/Drivers/STM32F401RE_StdPeriph_Driver/src/stm32f401re_usart.c:1404:6:USART_ClearITPendingBit	24	static
